Component: ARM Compiler 5.06 update 5 (build 528) Tool: armlink [4d35e2]

==============================================================================

Section Cross References

    startup_stm32f103xb.o(STACK) refers (Special) to heapauxi.o(.text) for __use_two_region_memory
    startup_stm32f103xb.o(HEAP) refers (Special) to heapauxi.o(.text) for __use_two_region_memory
    startup_stm32f103xb.o(RESET) refers (Special) to heapauxi.o(.text) for __use_two_region_memory
    startup_stm32f103xb.o(RESET) refers to startup_stm32f103xb.o(STACK) for __initial_sp
    startup_stm32f103xb.o(RESET) refers to startup_stm32f103xb.o(.text) for Reset_Handler
    startup_stm32f103xb.o(RESET) refers to stm32f1xx_it.o(i.NMI_Handler) for NMI_Handler
    startup_stm32f103xb.o(RESET) refers to stm32f1xx_it.o(i.HardFault_Handler) for HardFault_Handler
    startup_stm32f103xb.o(RESET) refers to stm32f1xx_it.o(i.MemManage_Handler) for MemManage_Handler
    startup_stm32f103xb.o(RESET) refers to stm32f1xx_it.o(i.BusFault_Handler) for BusFault_Handler
    startup_stm32f103xb.o(RESET) refers to stm32f1xx_it.o(i.UsageFault_Handler) for UsageFault_Handler
    startup_stm32f103xb.o(RESET) refers to stm32f1xx_it.o(i.SVC_Handler) for SVC_Handler
    startup_stm32f103xb.o(RESET) refers to stm32f1xx_it.o(i.DebugMon_Handler) for DebugMon_Handler
    startup_stm32f103xb.o(RESET) refers to stm32f1xx_it.o(i.PendSV_Handler) for PendSV_Handler
    startup_stm32f103xb.o(RESET) refers to stm32f1xx_it.o(i.SysTick_Handler) for SysTick_Handler
    startup_stm32f103xb.o(.text) refers (Special) to heapauxi.o(.text) for __use_two_region_memory
    startup_stm32f103xb.o(.text) refers to system_stm32f1xx.o(i.SystemInit) for SystemInit
    startup_stm32f103xb.o(.text) refers to __main.o(!!!main) for __main
    startup_stm32f103xb.o(.text) refers to startup_stm32f103xb.o(HEAP) for Heap_Mem
    startup_stm32f103xb.o(.text) refers to startup_stm32f103xb.o(STACK) for Stack_Mem
    main.o(i.SystemClock_Config) refers to rt_memclr_w.o(.text) for __aeabi_memclr4
    main.o(i.SystemClock_Config) refers to stm32f1xx_hal_rcc.o(i.HAL_RCC_OscConfig) for HAL_RCC_OscConfig
    main.o(i.SystemClock_Config) refers to stm32f1xx_hal_rcc.o(i.HAL_RCC_ClockConfig) for HAL_RCC_ClockConfig
    main.o(i.SystemClock_Config) refers to stm32f1xx_hal_rcc_ex.o(i.HAL_RCCEx_PeriphCLKConfig) for HAL_RCCEx_PeriphCLKConfig
    main.o(i.main) refers to _printf_percent.o(.ARM.Collect$$_printf_percent$$00000000) for _printf_percent
    main.o(i.main) refers to _printf_s.o(.ARM.Collect$$_printf_percent$$00000014) for _printf_s
    main.o(i.main) refers to _printf_str.o(.text) for _printf_str
    main.o(i.main) refers to stm32f1xx_hal.o(i.HAL_Init) for HAL_Init
    main.o(i.main) refers to main.o(i.SystemClock_Config) for SystemClock_Config
    main.o(i.main) refers to gpio.o(i.MX_GPIO_Init) for MX_GPIO_Init
    main.o(i.main) refers to adc.o(i.MX_ADC1_Init) for MX_ADC1_Init
    main.o(i.main) refers to adc.o(i.MX_ADC2_Init) for MX_ADC2_Init
    main.o(i.main) refers to i2c.o(i.MX_I2C1_Init) for MX_I2C1_Init
    main.o(i.main) refers to spi.o(i.MX_SPI1_Init) for MX_SPI1_Init
    main.o(i.main) refers to usart.o(i.MX_USART1_UART_Init) for MX_USART1_UART_Init
    main.o(i.main) refers to oled.o(i.OLED_Init) for OLED_Init
    main.o(i.main) refers to oled.o(i.OLED_Clear) for OLED_Clear
    main.o(i.main) refers to noretval__2printf.o(.text) for __2printf
    main.o(i.main) refers to stm32f1xx_hal.o(i.HAL_Delay) for HAL_Delay
    main.o(i.main) refers to nrf24l01.o(i.NRF24L01_Check) for NRF24L01_Check
    main.o(i.main) refers to nrf24l01.o(i.NRF24L01_TX_Mode) for NRF24L01_TX_Mode
    main.o(i.main) refers to nrf24l01.o(i.NRF24L01_TxPacket) for NRF24L01_TxPacket
    main.o(i.main) refers to remote.o(i.get_valuey) for get_valuey
    main.o(i.main) refers to remote.o(i.get_valuex) for get_valuex
    main.o(i.main) refers to oled.o(i.OLED_ShowNum) for OLED_ShowNum
    main.o(i.main) refers to main.o(.data) for .data
    gpio.o(i.MX_GPIO_Init) refers to stm32f1xx_hal_gpio.o(i.HAL_GPIO_WritePin) for HAL_GPIO_WritePin
    gpio.o(i.MX_GPIO_Init) refers to stm32f1xx_hal_gpio.o(i.HAL_GPIO_Init) for HAL_GPIO_Init
    adc.o(i.HAL_ADC_MspDeInit) refers to stm32f1xx_hal_gpio.o(i.HAL_GPIO_DeInit) for HAL_GPIO_DeInit
    adc.o(i.HAL_ADC_MspInit) refers to stm32f1xx_hal_gpio.o(i.HAL_GPIO_Init) for HAL_GPIO_Init
    adc.o(i.MX_ADC1_Init) refers to stm32f1xx_hal_adc.o(i.HAL_ADC_Init) for HAL_ADC_Init
    adc.o(i.MX_ADC1_Init) refers to main.o(i.Error_Handler) for Error_Handler
    adc.o(i.MX_ADC1_Init) refers to stm32f1xx_hal_adc.o(i.HAL_ADC_ConfigChannel) for HAL_ADC_ConfigChannel
    adc.o(i.MX_ADC1_Init) refers to adc.o(.bss) for .bss
    adc.o(i.MX_ADC2_Init) refers to stm32f1xx_hal_adc.o(i.HAL_ADC_Init) for HAL_ADC_Init
    adc.o(i.MX_ADC2_Init) refers to main.o(i.Error_Handler) for Error_Handler
    adc.o(i.MX_ADC2_Init) refers to stm32f1xx_hal_adc.o(i.HAL_ADC_ConfigChannel) for HAL_ADC_ConfigChannel
[...]
    ../clib/string.c                         0x00000000   Number         0  strlen.o ABSOLUTE
    ../fplib/faddsub.s                       0x00000000   Number         0  faddsub_clz.o ABSOLUTE
    ../fplib/ffix.s                          0x00000000   Number         0  ffix.o ABSOLUTE
    ../fplib/fflt.s                          0x00000000   Number         0  fflt_clz.o ABSOLUTE
    ../fplib/fmul.s                          0x00000000   Number         0  fmul.o ABSOLUTE
    ../fplib/fnaninf.s                       0x00000000   Number         0  fnaninf.o ABSOLUTE
    ../fplib/fpinit.s                        0x00000000   Number         0  fpinit.o ABSOLUTE
    ../fplib/fretinf.s                       0x00000000   Number         0  fretinf.o ABSOLUTE
    ../fplib/usenofp.s                       0x00000000   Number         0  usenofp.o ABSOLUTE
    ..\Core\Src\adc.c                        0x00000000   Number         0  adc.o ABSOLUTE
    ..\Core\Src\gpio.c                       0x00000000   Number         0  gpio.o ABSOLUTE
    ..\Core\Src\i2c.c                        0x00000000   Number         0  i2c.o ABSOLUTE
    ..\Core\Src\main.c                       0x00000000   Number         0  main.o ABSOLUTE
    ..\Core\Src\spi.c                        0x00000000   Number         0  spi.o ABSOLUTE
    ..\Core\Src\stm32f1xx_hal_msp.c          0x00000000   Number         0  stm32f1xx_hal_msp.o ABSOLUTE
    ..\Core\Src\stm32f1xx_it.c               0x00000000   Number         0  stm32f1xx_it.o ABSOLUTE
    ..\Core\Src\system_stm32f1xx.c           0x00000000   Number         0  system_stm32f1xx.o ABSOLUTE
    ..\Core\Src\usart.c                      0x00000000   Number         0  usart.o ABSOLUTE
    ..\Drivers\STM32F1xx_HAL_Driver\Src\stm32f1xx_hal.c 0x00000000   Number         0  stm32f1xx_hal.o ABSOLUTE
    ..\Drivers\STM32F1xx_HAL_Driver\Src\stm32f1xx_hal_adc.c 0x00000000   Number         0  stm32f1xx_hal_adc.o ABSOLUTE
    ..\Drivers\STM32F1xx_HAL_Driver\Src\stm32f1xx_hal_adc_ex.c 0x00000000   Number         0  stm32f1xx_hal_adc_ex.o ABSOLUTE
    ..\Drivers\STM32F1xx_HAL_Driver\Src\stm32f1xx_hal_cortex.c 0x00000000   Number         0  stm32f1xx_hal_cortex.o ABSOLUTE
    ..\Drivers\STM32F1xx_HAL_Driver\Src\stm32f1xx_hal_dma.c 0x00000000   Number         0  stm32f1xx_hal_dma.o ABSOLUTE
    ..\Drivers\STM32F1xx_HAL_Driver\Src\stm32f1xx_hal_exti.c 0x00000000   Number         0  stm32f1xx_hal_exti.o ABSOLUTE
    ..\Drivers\STM32F1xx_HAL_Driver\Src\stm32f1xx_hal_flash.c 0x00000000   Number         0  stm32f1xx_hal_flash.o ABSOLUTE
    ..\Drivers\STM32F1xx_HAL_Driver\Src\stm32f1xx_hal_flash_ex.c 0x00000000   Number         0  stm32f1xx_hal_flash_ex.o ABSOLUTE
    ..\Drivers\STM32F1xx_HAL_Driver\Src\stm32f1xx_hal_gpio.c 0x00000000   Number         0  stm32f1xx_hal_gpio.o ABSOLUTE
    ..\Drivers\STM32F1xx_HAL_Driver\Src\stm32f1xx_hal_gpio_ex.c 0x00000000   Number         0  stm32f1xx_hal_gpio_ex.o ABSOLUTE
    ..\Drivers\STM32F1xx_HAL_Driver\Src\stm32f1xx_hal_i2c.c 0x00000000   Number         0  stm32f1xx_hal_i2c.o ABSOLUTE
    ..\Drivers\STM32F1xx_HAL_Driver\Src\stm32f1xx_hal_pwr.c 0x00000000   Number         0  stm32f1xx_hal_pwr.o ABSOLUTE
    ..\Drivers\STM32F1xx_HAL_Driver\Src\stm32f1xx_hal_rcc.c 0x00000000   Number         0  stm32f1xx_hal_rcc.o ABSOLUTE
    ..\Drivers\STM32F1xx_HAL_Driver\Src\stm32f1xx_hal_rcc_ex.c 0x00000000   Number         0  stm32f1xx_hal_rcc_ex.o ABSOLUTE
    ..\Drivers\STM32F1xx_HAL_Driver\Src\stm32f1xx_hal_spi.c 0x00000000   Number         0  stm32f1xx_hal_spi.o ABSOLUTE
    ..\Drivers\STM32F1xx_HAL_Driver\Src\stm32f1xx_hal_tim.c 0x00000000   Number         0  stm32f1xx_hal_tim.o ABSOLUTE
    ..\Drivers\STM32F1xx_HAL_Driver\Src\stm32f1xx_hal_tim_ex.c 0x00000000   Number         0  stm32f1xx_hal_tim_ex.o ABSOLUTE
    ..\Drivers\STM32F1xx_HAL_Driver\Src\stm32f1xx_hal_uart.c 0x00000000   Number         0  stm32f1xx_hal_uart.o ABSOLUTE
    ..\Remote\NRF24L01.c                     0x00000000   Number         0  nrf24l01.o ABSOLUTE
    ..\Remote\oled.c                         0x00000000   Number         0  oled.o ABSOLUTE
    ..\Remote\oled_font.c                    0x00000000   Number         0  oled_font.o ABSOLUTE
    ..\Remote\remote.c                       0x00000000   Number         0  remote.o ABSOLUTE
    ..\\Remote\\NRF24L01.c                   0x00000000   Number         0  nrf24l01.o ABSOLUTE
    ..\\Remote\\oled.c                       0x00000000   Number         0  oled.o ABSOLUTE
    ..\\Remote\\remote.c                     0x00000000   Number         0  remote.o ABSOLUTE
    dc.s                                     0x00000000   Number         0  dc.o ABSOLUTE
    startup_stm32f103xb.s                    0x00000000   Number         0  startup_stm32f103xb.o ABSOLUTE
    RESET                                    0x08000000   Section      236  startup_stm32f103xb.o(RESET)
    !!!main                                  0x080000ec   Section        8  __main.o(!!!main)
    !!!scatter                               0x080000f4   Section       52  __scatter.o(!!!scatter)
    !!handler_copy                           0x08000128   Section       26  __scatter_copy.o(!!handler_copy)
    !!handler_zi                             0x08000144   Section       28  __scatter_zi.o(!!handler_zi)
    .ARM.Collect$$_printf_percent$$00000000  0x08000160   Section        0  _printf_percent.o(.ARM.Collect$$_printf_percent$$00000000)
    .ARM.Collect$$_printf_percent$$00000014  0x08000160   Section        6  _printf_s.o(.ARM.Collect$$_printf_percent$$00000014)
    .ARM.Collect$$_printf_percent$$00000017  0x08000166   Section        4  _printf_percent_end.o(.ARM.Collect$$_printf_percent$$00000017)
    .ARM.Collect$$libinit$$00000000          0x0800016a   Section        2  libinit.o(.ARM.Collect$$libinit$$00000000)
    .ARM.Collect$$libinit$$00000002          0x0800016c   Section        0  libinit2.o(.ARM.Collect$$libinit$$00000002)
    .ARM.Collect$$libinit$$00000004          0x0800016c   Section        0  libinit2.o(.ARM.Collect$$libinit$$00000004)
    .ARM.Collect$$libinit$$00000005          0x0800016c   Section        8  libinit2.o(.ARM.Collect$$libinit$$00000005)
    .ARM.Collect$$libinit$$0000000A          0x08000174   Section        0  libinit2.o(.ARM.Collect$$libinit$$0000000A)
    .ARM.Collect$$libinit$$0000000C          0x08000174   Section        0  libinit2.o(.ARM.Collect$$libinit$$0000000C)
    .ARM.Collect$$libinit$$0000000E          0x08000174   Section        0  libinit2.o(.ARM.Collect$$libinit$$0000000E)
    .ARM.Collect$$libinit$$00000011          0x08000174   Section        0  libinit2.o(.ARM.Collect$$libinit$$00000011)
    .ARM.Collect$$libinit$$00000013          0x08000174   Section        0  libinit2.o(.ARM.Collect$$libinit$$00000013)
    .ARM.Collect$$libinit$$00000015          0x08000174   Section        0  libinit2.o(.ARM.Collect$$libinit$$00000015)
    .ARM.Collect$$libinit$$00000017          0x08000174   Section        0  libinit2.o(.ARM.Collect$$libinit$$00000017)
    .ARM.Collect$$libinit$$00000019          0x08000174   Section        0  libinit2.o(.ARM.Collect$$libinit$$00000019)
    .ARM.Collect$$libinit$$0000001B          0x08000174   Section        0  libinit2.o(.ARM.Collect$$libinit$$0000001B)
    .ARM.Collect$$libinit$$0000001D          0x08000174   Section        0  libinit2.o(.ARM.Collect$$libinit$$0000001D)
    .ARM.Collect$$libinit$$0000001F          0x08000174   Section        0  libinit2.o(.ARM.Collect$$libinit$$0000001F)
    .ARM.Collect$$libinit$$00000021          0x08000174   Section        0  libinit2.o(.ARM.Collect$$libinit$$00000021)
    .ARM.Collect$$libinit$$00000023          0x08000174   Section        0  libinit2.o(.ARM.Collect$$libinit$$00000023)
    .ARM.Collect$$libinit$$00000024          0x08000174   Section        4  libinit2.o(.ARM.Collect$$libinit$$00000024)
    .ARM.Collect$$libinit$$00000025          0x08000178   Section        0  libinit2.o(.ARM.Collect$$libinit$$00000025)
    .ARM.Collect$$libinit$$0000002C          0x08000178   Section        0  libinit2.o(.ARM.Collect$$libinit$$0000002C)
    .ARM.Collect$$libinit$$0000002E          0x08000178   Section        0  libinit2.o(.ARM.Collect$$libinit$$0000002E)
    .ARM.Collect$$libinit$$00000030          0x08000178   Section        0  libinit2.o(.ARM.Collect$$libinit$$00000030)
    .ARM.Collect$$libinit$$00000032          0x08000178   Section        0  libinit2.o(.ARM.Collect$$libinit$$00000032)
    .ARM.Collect$$libinit$$00000033          0x08000178   Section        2  libinit2.o(.ARM.Collect$$libinit$$00000033)
    .ARM.Collect$$libshutdown$$00000000      0x0800017a   Section        2  libshutdown.o(.ARM.Collect$$libshutdown$$00000000)
    .ARM.Collect$$libshutdown$$00000002      0x0800017c   Section        0  libshutdown2.o(.ARM.Collect$$libshutdown$$00000002)
    .ARM.Collect$$libshutdown$$00000003      0x0800017c   Section        4  libshutdown2.o(.ARM.Collect$$libshutdown$$00000003)
    .ARM.Collect$$libshutdown$$00000004      0x08000180   Section        0  libshutdown2.o(.ARM.Collect$$libshutdown$$00000004)
    .ARM.Collect$$libshutdown$$00000007      0x08000180   Section        0  libshutdown2.o(.ARM.Collect$$libshutdown$$00000007)
    .ARM.Collect$$libshutdown$$0000000A      0x08000180   Section        0  libshutdown2.o(.ARM.Collect$$libshutdown$$0000000A)
    .ARM.Collect$$libshutdown$$0000000C      0x08000180   Section        0  libshutdown2.o(.ARM.Collect$$libshutdown$$0000000C)
    .ARM.Collect$$libshutdown$$0000000F      0x08000180   Section        0  libshutdown2.o(.ARM.Collect$$libshutdown$$0000000F)
    .ARM.Collect$$libshutdown$$00000010      0x08000180   Section        2  libshutdown2.o(.ARM.Collect$$libshutdown$$00000010)
    .ARM.Collect$$rtentry$$00000000          0x08000182   Section        0  __rtentry.o(.ARM.Collect$$rtentry$$00000000)
    .ARM.Collect$$rtentry$$00000002          0x08000182   Section        0  __rtentry2.o(.ARM.Collect$$rtentry$$00000002)
    .ARM.Collect$$rtentry$$00000004          0x08000182   Section        6  __rtentry4.o(.ARM.Collect$$rtentry$$00000004)
    .ARM.Collect$$rtentry$$00000009          0x08000188   Section        0  __rtentry2.o(.ARM.Collect$$rtentry$$00000009)
    .ARM.Collect$$rtentry$$0000000A          0x08000188   Section        4  __rtentry2.o(.ARM.Collect$$rtentry$$0000000A)
    .ARM.Collect$$rtentry$$0000000C          0x0800018c   Section        0  __rtentry2.o(.ARM.Collect$$rtentry$$0000000C)
    .ARM.Collect$$rtentry$$0000000D          0x0800018c   Section        8  __rtentry2.o(.ARM.Collect$$rtentry$$0000000D)
    .ARM.Collect$$rtexit$$00000000           0x08000194   Section        2  rtexit.o(.ARM.Collect$$rtexit$$00000000)
    .ARM.Collect$$rtexit$$00000002           0x08000196   Section        0  rtexit2.o(.ARM.Collect$$rtexit$$00000002)
    .ARM.Collect$$rtexit$$00000003           0x08000196   Section        4  rtexit2.o(.ARM.Collect$$rtexit$$00000003)
    .ARM.Collect$$rtexit$$00000004           0x0800019a   Section        6  rtexit2.o(.ARM.Collect$$rtexit$$00000004)
    .emb_text                                0x080001a0   Section        0  maybetermalloc1.o(.emb_text)
    .text                                    0x080001a0   Section       64  startup_stm32f103xb.o(.text)
    .text                                    0x080001e0   Section        0  noretval__2printf.o(.text)
    .text                                    0x080001f8   Section        0  __printf.o(.text)
    .text                                    0x08000260   Section        0  _printf_str.o(.text)
    .text                                    0x080002b2   Section       78  rt_memclr_w.o(.text)
    .text                                    0x08000300   Section        0  heapauxi.o(.text)
    .text                                    0x08000306   Section        0  _printf_char.o(.text)
    .text                                    0x08000334   Section        0  _printf_char_file.o(.text)
    .text                                    0x08000358   Section        0  _printf_char_common.o(.text)
    _printf_input_char                       0x08000359   Thumb Code    10  _printf_char_common.o(.text)
    .text                                    0x08000388   Section        0  ferror.o(.text)
    .text                                    0x08000390   Section        0  initio.o(.text)
    .text                                    0x080004c8   Section        0  sys_io.o(.text)
    .text                                    0x0800052e   Section       74  sys_stackheap_outer.o(.text)
    .text                                    0x08000578   Section        0  h1_free.o(.text)
    .text                                    0x080005c6   Section        0  setvbuf.o(.text)
    .text                                    0x0800060c   Section        0  fopen.o(.text)
    _freopen_locked                          0x0800060d   Thumb Code     0  fopen.o(.text)
    .text                                    0x080006f8   Section        0  fclose.o(.text)
    .text                                    0x08000744   Section        0  exit.o(.text)
    .text                                    0x08000756   Section        0  defsig_rtred_outer.o(.text)
    .text                                    0x08000764   Section        8  libspace.o(.text)
    .text                                    0x0800076c   Section        2  use_no_semi.o(.text)
    .text                                    0x0800076e   Section        0  indicate_semi.o(.text)
    .text                                    0x08000770   Section        8  rt_heap_descriptor_intlibspace.o(.text)
    .text                                    0x08000778   Section        0  hguard.o(.text)
    .text                                    0x0800077c   Section        0  init_alloc.o(.text)
    .text                                    0x08000806   Section        0  h1_alloc.o(.text)
    .text                                    0x08000864   Section        0  fseek.o(.text)
    .text                                    0x0800095c   Section        0  stdio.o(.text)
    .text                                    0x08000a4c   Section        0  defsig_exit.o(.text)
    .text                                    0x08000a58   Section        0  defsig_rtred_inner.o(.text)
    .text                                    0x08000a8c   Section        0  strlen.o(.text)
    .text                                    0x08000acc   Section        0  sys_exit.o(.text)
    .text                                    0x08000ad8   Section        0  h1_init.o(.text)
    .text                                    0x08000ae6   Section        0  h1_extend.o(.text)
    .text                                    0x08000b1a   Section        0  ftell.o(.text)
    .text                                    0x08000b5c   Section        0  defsig_general.o(.text)
    .text                                    0x08000b8e   Section        0  defsig_rtmem_outer.o(.text)
    .text                                    0x08000b9c   Section        0  sys_wrch.o(.text)
    .text                                    0x08000bac   Section        8  rt_errno_addr_intlibspace.o(.text)
    .text                                    0x08000bb4   Section        0  defsig_rtmem_inner.o(.text)
    i.ADC_ConversionStop_Disable             0x08000c04   Section        0  stm32f1xx_hal_adc.o(i.ADC_ConversionStop_Disable)
    i.ADC_Enable                             0x08000c5c   Section        0  stm32f1xx_hal_adc.o(i.ADC_Enable)
    i.BusFault_Handler                       0x08000cd8   Section        0  stm32f1xx_it.o(i.BusFault_Handler)
    i.DebugMon_Handler                       0x08000cda   Section        0  stm32f1xx_it.o(i.DebugMon_Handler)
    i.Error_Handler                          0x08000cdc   Section        0  main.o(i.Error_Handler)
    i.HAL_ADC_ConfigChannel                  0x08000ce0   Section        0  stm32f1xx_hal_adc.o(i.HAL_ADC_ConfigChannel)
    i.HAL_ADC_GetValue                       0x08000ddc   Section        0  stm32f1xx_hal_adc.o(i.HAL_ADC_GetValue)
    i.HAL_ADC_Init                           0x08000de4   Section        0  stm32f1xx_hal_adc.o(i.HAL_ADC_Init)
    i.HAL_ADC_MspInit                        0x08000f00   Section        0  adc.o(i.HAL_ADC_MspInit)
    i.HAL_ADC_PollForConversion              0x08000f88   Section        0  stm32f1xx_hal_adc.o(i.HAL_ADC_PollForConversion)
    i.HAL_ADC_Start                          0x080010c4   Section        0  stm32f1xx_hal_adc.o(i.HAL_ADC_Start)
    i.HAL_Delay                              0x08001184   Section        0  stm32f1xx_hal.o(i.HAL_Delay)
    i.HAL_GPIO_Init                          0x080011a8   Section        0  stm32f1xx_hal_gpio.o(i.HAL_GPIO_Init)
    i.HAL_GPIO_ReadPin                       0x08001388   Section        0  stm32f1xx_hal_gpio.o(i.HAL_GPIO_ReadPin)
    i.HAL_GPIO_WritePin                      0x08001392   Section        0  stm32f1xx_hal_gpio.o(i.HAL_GPIO_WritePin)
    i.HAL_GetTick                            0x0800139c   Section        0  stm32f1xx_hal.o(i.HAL_GetTick)
    i.HAL_I2C_Init                           0x080013a8   Section        0  stm32f1xx_hal_i2c.o(i.HAL_I2C_Init)
    i.HAL_I2C_Mem_Write                      0x08001530   Section        0  stm32f1xx_hal_i2c.o(i.HAL_I2C_Mem_Write)
    i.HAL_I2C_MspInit                        0x08001660   Section        0  i2c.o(i.HAL_I2C_MspInit)
    i.HAL_IncTick                            0x080016d0   Section        0  stm32f1xx_hal.o(i.HAL_IncTick)
    i.HAL_Init                               0x080016e0   Section        0  stm32f1xx_hal.o(i.HAL_Init)
    i.HAL_InitTick                           0x08001704   Section        0  stm32f1xx_hal.o(i.HAL_InitTick)
    i.HAL_MspInit                            0x08001744   Section        0  stm32f1xx_hal_msp.o(i.HAL_MspInit)
    i.HAL_NVIC_SetPriority                   0x08001780   Section        0  stm32f1xx_hal_cortex.o(i.HAL_NVIC_SetPriority)
    i.HAL_NVIC_SetPriorityGrouping           0x080017c0   Section        0  stm32f1xx_hal_cortex.o(i.HAL_NVIC_SetPriorityGrouping)
    i.HAL_RCCEx_GetPeriphCLKFreq             0x080017e4   Section        0  stm32f1xx_hal_rcc_ex.o(i.HAL_RCCEx_GetPeriphCLKFreq)
    i.HAL_RCCEx_PeriphCLKConfig              0x08001888   Section        0  stm32f1xx_hal_rcc_ex.o(i.HAL_RCCEx_PeriphCLKConfig)
    i.HAL_RCC_ClockConfig                    0x08001974   Section        0  stm32f1xx_hal_rcc.o(i.HAL_RCC_ClockConfig)
    i.HAL_RCC_GetPCLK1Freq                   0x08001aa0   Section        0  stm32f1xx_hal_rcc.o(i.HAL_RCC_GetPCLK1Freq)
    i.HAL_RCC_GetPCLK2Freq                   0x08001ac0   Section        0  stm32f1xx_hal_rcc.o(i.HAL_RCC_GetPCLK2Freq)
    i.HAL_RCC_GetSysClockFreq                0x08001ae0   Section        0  stm32f1xx_hal_rcc.o(i.HAL_RCC_GetSysClockFreq)
    i.HAL_RCC_OscConfig                      0x08001b2c   Section        0  stm32f1xx_hal_rcc.o(i.HAL_RCC_OscConfig)
    i.HAL_SPI_Init                           0x08001e4c   Section        0  stm32f1xx_hal_spi.o(i.HAL_SPI_Init)
    i.HAL_SPI_MspInit                        0x08001f00   Section        0  spi.o(i.HAL_SPI_MspInit)
    i.HAL_SPI_TransmitReceive                0x08001f70   Section        0  stm32f1xx_hal_spi.o(i.HAL_SPI_TransmitReceive)
    i.HAL_SYSTICK_Config                     0x08002160   Section        0  stm32f1xx_hal_cortex.o(i.HAL_SYSTICK_Config)
    i.HAL_UART_Init                          0x08002188   Section        0  stm32f1xx_hal_uart.o(i.HAL_UART_Init)
    i.HAL_UART_MspInit                       0x080021ec   Section        0  usart.o(i.HAL_UART_MspInit)
    i.HAL_UART_Transmit                      0x0800226c   Section        0  stm32f1xx_hal_uart.o(i.HAL_UART_Transmit)
    i.HardFault_Handler                      0x0800230c   Section        0  stm32f1xx_it.o(i.HardFault_Handler)
    i.I2C_IsAcknowledgeFailed                0x0800230e   Section        0  stm32f1xx_hal_i2c.o(i.I2C_IsAcknowledgeFailed)
    I2C_IsAcknowledgeFailed                  0x0800230f   Thumb Code    46  stm32f1xx_hal_i2c.o(i.I2C_IsAcknowledgeFailed)
    i.I2C_RequestMemoryWrite                 0x0800233c   Section        0  stm32f1xx_hal_i2c.o(i.I2C_RequestMemoryWrite)
    I2C_RequestMemoryWrite                   0x0800233d   Thumb Code   162  stm32f1xx_hal_i2c.o(i.I2C_RequestMemoryWrite)
    i.I2C_WaitOnBTFFlagUntilTimeout          0x080023e4   Section        0  stm32f1xx_hal_i2c.o(i.I2C_WaitOnBTFFlagUntilTimeout)
    I2C_WaitOnBTFFlagUntilTimeout            0x080023e5   Thumb Code    86  stm32f1xx_hal_i2c.o(i.I2C_WaitOnBTFFlagUntilTimeout)
    i.I2C_WaitOnFlagUntilTimeout             0x0800243c   Section        0  stm32f1xx_hal_i2c.o(i.I2C_WaitOnFlagUntilTimeout)
    I2C_WaitOnFlagUntilTimeout               0x0800243d   Thumb Code   144  stm32f1xx_hal_i2c.o(i.I2C_WaitOnFlagUntilTimeout)
    i.I2C_WaitOnMasterAddressFlagUntilTimeout 0x080024cc   Section        0  stm32f1xx_hal_i2c.o(i.I2C_WaitOnMasterAddressFlagUntilTimeout)
    I2C_WaitOnMasterAddressFlagUntilTimeout  0x080024cd   Thumb Code   188  stm32f1xx_hal_i2c.o(i.I2C_WaitOnMasterAddressFlagUntilTimeout)
    i.I2C_WaitOnTXEFlagUntilTimeout          0x08002588   Section        0  stm32f1xx_hal_i2c.o(i.I2C_WaitOnTXEFlagUntilTimeout)
    I2C_WaitOnTXEFlagUntilTimeout            0x08002589   Thumb Code    86  stm32f1xx_hal_i2c.o(i.I2C_WaitOnTXEFlagUntilTimeout)
    i.MX_ADC1_Init                           0x080025e0   Section        0  adc.o(i.MX_ADC1_Init)
    i.MX_ADC2_Init                           0x0800262c   Section        0  adc.o(i.MX_ADC2_Init)
    i.MX_GPIO_Init                           0x0800267c   Section        0  gpio.o(i.MX_GPIO_Init)
    i.MX_I2C1_Init                           0x0800272c   Section        0  i2c.o(i.MX_I2C1_Init)
    i.MX_SPI1_Init                           0x0800276c   Section        0  spi.o(i.MX_SPI1_Init)
    i.MX_USART1_UART_Init                    0x080027b4   Section        0  usart.o(i.MX_USART1_UART_Init)
    i.MemManage_Handler                      0x080027ec   Section        0  stm32f1xx_it.o(i.MemManage_Handler)
    i.NMI_Handler                            0x080027ee   Section        0  stm32f1xx_it.o(i.NMI_Handler)
    i.NRF24L01_Check                         0x080027f0   Section        0  nrf24l01.o(i.NRF24L01_Check)
    i.NRF24L01_Read_Buf                      0x08002838   Section        0  nrf24l01.o(i.NRF24L01_Read_Buf)
    i.NRF24L01_Read_Reg                      0x08002888   Section        0  nrf24l01.o(i.NRF24L01_Read_Reg)
    i.NRF24L01_TX_Mode                       0x080028c0   Section        0  nrf24l01.o(i.NRF24L01_TX_Mode)
    i.NRF24L01_TxPacket                      0x08002930   Section        0  nrf24l01.o(i.NRF24L01_TxPacket)
    i.NRF24L01_Write_Buf                     0x08002990   Section        0  nrf24l01.o(i.NRF24L01_Write_Buf)
    i.NRF24L01_Write_Reg                     0x080029e4   Section        0  nrf24l01.o(i.NRF24L01_Write_Reg)
    i.OLED_Clear                             0x08002a20   Section        0  oled.o(i.OLED_Clear)
    i.OLED_Init                              0x08002a54   Section        0  oled.o(i.OLED_Init)
    i.OLED_Set_Pos                           0x08002a74   Section        0  oled.o(i.OLED_Set_Pos)
    i.OLED_ShowChar                          0x08002a98   Section        0  oled.o(i.OLED_ShowChar)
    i.OLED_ShowNum                           0x08002b34   Section        0  oled.o(i.OLED_ShowNum)
    i.OLED_WR_CMD                            0x08002ba8   Section        0  oled.o(i.OLED_WR_CMD)
    i.OLED_WR_DATA                           0x08002bcc   Section        0  oled.o(i.OLED_WR_DATA)
    i.PendSV_Handler                         0x08002bf0   Section        0  stm32f1xx_it.o(i.PendSV_Handler)
    i.SPI_EndRxTxTransaction                 0x08002bf2   Section        0  stm32f1xx_hal_spi.o(i.SPI_EndRxTxTransaction)
    SPI_EndRxTxTransaction                   0x08002bf3   Thumb Code    52  stm32f1xx_hal_spi.o(i.SPI_EndRxTxTransaction)
    i.SPI_WaitFlagStateUntilTimeout          0x08002c28   Section        0  stm32f1xx_hal_spi.o(i.SPI_WaitFlagStateUntilTimeout)
    SPI_WaitFlagStateUntilTimeout            0x08002c29   Thumb Code   180  stm32f1xx_hal_spi.o(i.SPI_WaitFlagStateUntilTimeout)
    i.SPIx_ReadWriteByte                     0x08002ce0   Section        0  nrf24l01.o(i.SPIx_ReadWriteByte)
    i.SVC_Handler                            0x08002d00   Section        0  stm32f1xx_it.o(i.SVC_Handler)
    i.SysTick_Handler                        0x08002d02   Section        0  stm32f1xx_it.o(i.SysTick_Handler)
    i.SystemClock_Config                     0x08002d06   Section        0  main.o(i.SystemClock_Config)
    i.SystemInit                             0x08002d7e   Section        0  system_stm32f1xx.o(i.SystemInit)
    i.UART_EndRxTransfer                     0x08002d80   Section        0  stm32f1xx_hal_uart.o(i.UART_EndRxTransfer)
    UART_EndRxTransfer                       0x08002d81   Thumb Code    78  stm32f1xx_hal_uart.o(i.UART_EndRxTransfer)
    i.UART_SetConfig                         0x08002dd0   Section        0  stm32f1xx_hal_uart.o(i.UART_SetConfig)
    UART_SetConfig                           0x08002dd1   Thumb Code   178  stm32f1xx_hal_uart.o(i.UART_SetConfig)
    i.UART_WaitOnFlagUntilTimeout            0x08002e88   Section        0  stm32f1xx_hal_uart.o(i.UART_WaitOnFlagUntilTimeout)
    UART_WaitOnFlagUntilTimeout              0x08002e89   Thumb Code   114  stm32f1xx_hal_uart.o(i.UART_WaitOnFlagUntilTimeout)
    i.UsageFault_Handler                     0x08002efa   Section        0  stm32f1xx_it.o(i.UsageFault_Handler)
    i.__NVIC_SetPriority                     0x08002efc   Section        0  stm32f1xx_hal_cortex.o(i.__NVIC_SetPriority)
    __NVIC_SetPriority                       0x08002efd   Thumb Code    32  stm32f1xx_hal_cortex.o(i.__NVIC_SetPriority)
    i.fputc                                  0x08002f1c   Section        0  remote.o(i.fputc)
    i.get_valuex                             0x08002f34   Section        0  remote.o(i.get_valuex)
    i.get_valuey                             0x08002f54   Section        0  remote.o(i.get_valuey)
    i.main                                   0x08002f74   Section        0  main.o(i.main)
    i.oled_pow                               0x0800314c   Section        0  oled.o(i.oled_pow)
    .constdata                               0x0800315c   Section       18  stm32f1xx_hal_rcc.o(.constdata)
    aPredivFactorTable                       0x0800315c   Data           2  stm32f1xx_hal_rcc.o(.constdata)
    aPLLMULFactorTable                       0x0800315e   Data          16  stm32f1xx_hal_rcc.o(.constdata)
    .constdata                               0x0800316e   Section       18  stm32f1xx_hal_rcc_ex.o(.constdata)
    aPredivFactorTable                       0x0800316e   Data           2  stm32f1xx_hal_rcc_ex.o(.constdata)
    aPLLMULFactorTable                       0x08003170   Data          16  stm32f1xx_hal_rcc_ex.o(.constdata)
    .constdata                               0x08003180   Section       16  system_stm32f1xx.o(.constdata)
    .constdata                               0x08003190   Section        8  system_stm32f1xx.o(.constdata)
    .constdata                               0x08003198   Section       10  nrf24l01.o(.constdata)
    .constdata                               0x080031a2   Section      552  oled_font.o(.constdata)
    .constdata                               0x080033ca   Section     1504  oled_font.o(.constdata)
    .constdata                               0x080039aa   Section        4  sys_io.o(.constdata)
    .constdata                               0x080039ae   Section        4  sys_io.o(.constdata)
    .constdata                               0x080039b2   Section        4  sys_io.o(.constdata)
    .data                                    0x20000000   Section        8  main.o(.data)
    .data                                    0x20000008   Section       12  stm32f1xx_hal.o(.data)
    .data                                    0x20000014   Section        4  system_stm32f1xx.o(.data)
    .data                                    0x20000018   Section       23  oled.o(.data)
    .data                                    0x20000030   Section        4  stdio_streams.o(.data)
    .data                                    0x20000034   Section        4  stdio_streams.o(.data)
    .data                                    0x20000038   Section        4  stdio_streams.o(.data)
    .bss                                     0x2000003c   Section       96  adc.o(.bss)
    .bss                                     0x2000009c   Section       84  i2c.o(.bss)
    .bss                                     0x200000f0   Section       88  spi.o(.bss)
    .bss                                     0x20000148   Section       72  usart.o(.bss)
    .bss                                     0x20000190   Section       84  stdio_streams.o(.bss)
    .bss                                     0x200001e4   Section       84  stdio_streams.o(.bss)
    .bss                                     0x20000238   Section       84  stdio_streams.o(.bss)
    .bss                                     0x2000028c   Section       96  libspace.o(.bss)
    HEAP                                     0x200002f0   Section      512  startup_stm32f103xb.o(HEAP)
    Heap_Mem                                 0x200002f0   Data         512  startup_stm32f103xb.o(HEAP)
    STACK                                    0x200004f0   Section     1024  startup_stm32f103xb.o(STACK)
    Stack_Mem                                0x200004f0   Data        1024  startup_stm32f103xb.o(STACK)
    __initial_sp                             0x200008f0   Data           0  startup_stm32f103xb.o(STACK)

    Global Symbols

    Symbol Name                              Value     Ov Type        Size  Object(Section)

    BuildAttributes$$THM_ISAv4$P$D$K$B$S$PE$A:L22UL41UL21$X:L11$S22US41US21$IEEE1$IW$USESV6$~STKCKD$USESV7$~SHL$OTIME$ROPI$EBA8$UX$STANDARDLIB$REQ8$PRES8$EABIv2 0x00000000   Number         0  anon$$obj.o ABSOLUTE
    __ARM_use_no_argv                        0x00000000   Number         0  main.o ABSOLUTE
    __ARM_exceptions_init                     - Undefined Weak Reference
    __alloca_initialize                       - Undefined Weak Reference
    __arm_preinit_                            - Undefined Weak Reference
    __cpp_initialize__aeabi_                  - Undefined Weak Reference
    __cxa_finalize                            - Undefined Weak Reference
    __rt_locale                               - Undefined Weak Reference
    __sigvec_lookup                           - Undefined Weak Reference
    __user_heap_extent                        - Undefined Weak Reference
    _atexit_init                              - Undefined Weak Reference
    _call_atexit_fns                          - Undefined Weak Reference
    _clock_init                               - Undefined Weak Reference
    _fp_trap_init                             - Undefined Weak Reference
    _fp_trap_shutdown                         - Undefined Weak Reference
    _get_lc_collate                           - Undefined Weak Reference
    _get_lc_ctype                             - Undefined Weak Reference
    _get_lc_monetary                          - Undefined Weak Reference
    _get_lc_numeric                           - Undefined Weak Reference
    _get_lc_time                              - Undefined Weak Reference
    _getenv_init                              - Undefined Weak Reference
    _handle_redirection                       - Undefined Weak Reference
    _mutex_acquire                            - Undefined Weak Reference
    _mutex_free                               - Undefined Weak Reference
    _mutex_release                            - Undefined Weak Reference
    _printf_mbtowc                            - Undefined Weak Reference
    _printf_post_padding                      - Undefined Weak Reference
    _printf_pre_padding                       - Undefined Weak Reference
    _rand_init                                - Undefined Weak Reference
    _signal_finish                            - Undefined Weak Reference
    _signal_init                              - Undefined Weak Reference
    __Vectors_Size                           0x000000ec   Number         0  startup_stm32f103xb.o ABSOLUTE
    __Vectors                                0x08000000   Data           4  startup_stm32f103xb.o(RESET)
    __Vectors_End                            0x080000ec   Data           0  startup_stm32f103xb.o(RESET)
    __main                                   0x080000ed   Thumb Code     8  __main.o(!!!main)
    __scatterload                            0x080000f5   Thumb Code     0  __scatter.o(!!!scatter)
    __scatterload_rt2                        0x080000f5   Thumb Code    44  __scatter.o(!!!scatter)
    __scatterload_rt2_thumb_only             0x080000f5   Thumb Code     0  __scatter.o(!!!scatter)
    __scatterload_null                       0x08000103   Thumb Code     0  __scatter.o(!!!scatter)
    __scatterload_copy                       0x08000129   Thumb Code    26  __scatter_copy.o(!!handler_copy)
    __scatterload_zeroinit                   0x08000145   Thumb Code    28  __scatter_zi.o(!!handler_zi)
    _printf_percent                          0x08000161   Thumb Code     0  _printf_percent.o(.ARM.Collect$$_printf_percent$$00000000)
    _printf_s                                0x08000161   Thumb Code     0  _printf_s.o(.ARM.Collect$$_printf_percent$$00000014)
    _printf_percent_end                      0x08000167   Thumb Code     0  _printf_percent_end.o(.ARM.Collect$$_printf_percent$$00000017)
    __rt_lib_init                            0x0800016b   Thumb Code     0  libinit.o(.ARM.Collect$$libinit$$00000000)
    __rt_lib_init_fp_1                       0x0800016d   Thumb Code     0  libinit2.o(.ARM.Collect$$libinit$$00000002)
    __rt_lib_init_heap_2                     0x0800016d   Thumb Code     0  libinit2.o(.ARM.Collect$$libinit$$00000005)
    __rt_lib_init_preinit_1                  0x0800016d   Thumb Code     0  libinit2.o(.ARM.Collect$$libinit$$00000004)
    __rt_lib_init_atexit_1                   0x08000175   Thumb Code     0  libinit2.o(.ARM.Collect$$libinit$$0000001B)
    __rt_lib_init_clock_1                    0x08000175   Thumb Code     0  libinit2.o(.ARM.Collect$$libinit$$00000021)
    __rt_lib_init_fp_trap_1                  0x08000175   Thumb Code     0  libinit2.o(.ARM.Collect$$libinit$$0000001F)
    __rt_lib_init_getenv_1                   0x08000175   Thumb Code     0  libinit2.o(.ARM.Collect$$libinit$$00000023)
    __rt_lib_init_heap_1                     0x08000175   Thumb Code     0  libinit2.o(.ARM.Collect$$libinit$$0000000A)
    __rt_lib_init_lc_collate_1               0x08000175   Thumb Code     0  libinit2.o(.ARM.Collect$$libinit$$00000011)
    __rt_lib_init_lc_ctype_1                 0x08000175   Thumb Code     0  libinit2.o(.ARM.Collect$$libinit$$00000013)
    __rt_lib_init_lc_monetary_1              0x08000175   Thumb Code     0  libinit2.o(.ARM.Collect$$libinit$$00000015)
    __rt_lib_init_lc_numeric_1               0x08000175   Thumb Code     0  libinit2.o(.ARM.Collect$$libinit$$00000017)
    __rt_lib_init_lc_time_1                  0x08000175   Thumb Code     0  libinit2.o(.ARM.Collect$$libinit$$00000019)
    __rt_lib_init_rand_1                     0x08000175   Thumb Code     0  libinit2.o(.ARM.Collect$$libinit$$0000000E)
    __rt_lib_init_signal_1                   0x08000175   Thumb Code     0  libinit2.o(.ARM.Collect$$libinit$$0000001D)
    __rt_lib_init_stdio_2                    0x08000175   Thumb Code     0  libinit2.o(.ARM.Collect$$libinit$$00000024)
    __rt_lib_init_user_alloc_1               0x08000175   Thumb Code     0  libinit2.o(.ARM.Collect$$libinit$$0000000C)
    __rt_lib_init_alloca_1                   0x08000179   Thumb Code     0  libinit2.o(.ARM.Collect$$libinit$$0000002E)
    __rt_lib_init_argv_1                     0x08000179   Thumb Code     0  libinit2.o(.ARM.Collect$$libinit$$0000002C)
    __rt_lib_init_cpp_1                      0x08000179   Thumb Code     0  libinit2.o(.ARM.Collect$$libinit$$00000032)
    __rt_lib_init_exceptions_1               0x08000179   Thumb Code     0  libinit2.o(.ARM.Collect$$libinit$$00000030)
    __rt_lib_init_return                     0x08000179   Thumb Code     0  libinit2.o(.ARM.Collect$$libinit$$00000033)
    __rt_lib_init_stdio_1                    0x08000179   Thumb Code     0  libinit2.o(.ARM.Collect$$libinit$$00000025)
    __rt_lib_shutdown                        0x0800017b   Thumb Code     0  libshutdown.o(.ARM.Collect$$libshutdown$$00000000)
    __rt_lib_shutdown_cpp_1                  0x0800017d   Thumb Code     0  libshutdown2.o(.ARM.Collect$$libshutdown$$00000002)
    __rt_lib_shutdown_stdio_2                0x0800017d   Thumb Code     0  libshutdown2.o(.ARM.Collect$$libshutdown$$00000003)
    __rt_lib_shutdown_fp_trap_1              0x08000181   Thumb Code     0  libshutdown2.o(.ARM.Collect$$libshutdown$$00000007)
    __rt_lib_shutdown_heap_1                 0x08000181   Thumb Code     0  libshutdown2.o(.ARM.Collect$$libshutdown$$0000000F)
    __rt_lib_shutdown_return                 0x08000181   Thumb Code     0  libshutdown2.o(.ARM.Collect$$libshutdown$$00000010)
    __rt_lib_shutdown_signal_1               0x08000181   Thumb Code     0  libshutdown2.o(.ARM.Collect$$libshutdown$$0000000A)
    __rt_lib_shutdown_stdio_1                0x08000181   Thumb Code     0  libshutdown2.o(.ARM.Collect$$libshutdown$$00000004)
    __rt_lib_shutdown_user_alloc_1           0x08000181   Thumb Code     0  libshutdown2.o(.ARM.Collect$$libshutdown$$0000000C)
    __rt_entry                               0x08000183   Thumb Code     0  __rtentry.o(.ARM.Collect$$rtentry$$00000000)
    __rt_entry_presh_1                       0x08000183   Thumb Code     0  __rtentry2.o(.ARM.Collect$$rtentry$$00000002)
    __rt_entry_sh                            0x08000183   Thumb Code     0  __rtentry4.o(.ARM.Collect$$rtentry$$00000004)
    __rt_entry_li                            0x08000189   Thumb Code     0  __rtentry2.o(.ARM.Collect$$rtentry$$0000000A)
    __rt_entry_postsh_1                      0x08000189   Thumb Code     0  __rtentry2.o(.ARM.Collect$$rtentry$$00000009)
    __rt_entry_main                          0x0800018d   Thumb Code     0  __rtentry2.o(.ARM.Collect$$rtentry$$0000000D)
    __rt_entry_postli_1                      0x0800018d   Thumb Code     0  __rtentry2.o(.ARM.Collect$$rtentry$$0000000C)
    __rt_exit                                0x08000195   Thumb Code     0  rtexit.o(.ARM.Collect$$rtexit$$00000000)
    __rt_exit_ls                             0x08000197   Thumb Code     0  rtexit2.o(.ARM.Collect$$rtexit$$00000003)
    __rt_exit_prels_1                        0x08000197   Thumb Code     0  rtexit2.o(.ARM.Collect$$rtexit$$00000002)
    __rt_exit_exit                           0x0800019b   Thumb Code     0  rtexit2.o(.ARM.Collect$$rtexit$$00000004)
    Reset_Handler                            0x080001a1   Thumb Code     8  startup_stm32f103xb.o(.text)
    _maybe_terminate_alloc                   0x080001a1   Thumb Code     0  maybetermalloc1.o(.emb_text)
    ADC1_2_IRQHandler                        0x080001bb   Thumb Code     0  startup_stm32f103xb.o(.text)
    CAN1_RX1_IRQHandler                      0x080001bb   Thumb Code     0  startup_stm32f103xb.o(.text)
    CAN1_SCE_IRQHandler                      0x080001bb   Thumb Code     0  startup_stm32f103xb.o(.text)
    DMA1_Channel1_IRQHandler                 0x080001bb   Thumb Code     0  startup_stm32f103xb.o(.text)
    DMA1_Channel2_IRQHandler                 0x080001bb   Thumb Code     0  startup_stm32f103xb.o(.text)
    DMA1_Channel3_IRQHandler                 0x080001bb   Thumb Code     0  startup_stm32f103xb.o(.text)
    DMA1_Channel4_IRQHandler                 0x080001bb   Thumb Code     0  startup_stm32f103xb.o(.text)
    DMA1_Channel5_IRQHandler                 0x080001bb   Thumb Code     0  startup_stm32f103xb.o(.text)
    DMA1_Channel6_IRQHandler                 0x080001bb   Thumb Code     0  startup_stm32f103xb.o(.text)
    DMA1_Channel7_IRQHandler                 0x080001bb   Thumb Code     0  startup_stm32f103xb.o(.text)
    EXTI0_IRQHandler                         0x080001bb   Thumb Code     0  startup_stm32f103xb.o(.text)
    EXTI15_10_IRQHandler                     0x080001bb   Thumb Code     0  startup_stm32f103xb.o(.text)
    EXTI1_IRQHandler                         0x080001bb   Thumb Code     0  startup_stm32f103xb.o(.text)
    EXTI2_IRQHandler                         0x080001bb   Thumb Code     0  startup_stm32f103xb.o(.text)
    EXTI3_IRQHandler                         0x080001bb   Thumb Code     0  startup_stm32f103xb.o(.text)
    EXTI4_IRQHandler                         0x080001bb   Thumb Code     0  startup_stm32f103xb.o(.text)
    EXTI9_5_IRQHandler                       0x080001bb   Thumb Code     0  startup_stm32f103xb.o(.text)
    FLASH_IRQHandler                         0x080001bb   Thumb Code     0  startup_stm32f103xb.o(.text)
    I2C1_ER_IRQHandler                       0x080001bb   Thumb Code     0  startup_stm32f103xb.o(.text)
    I2C1_EV_IRQHandler                       0x080001bb   Thumb Code     0  startup_stm32f103xb.o(.text)
    I2C2_ER_IRQHandler                       0x080001bb   Thumb Code     0  startup_stm32f103xb.o(.text)
    I2C2_EV_IRQHandler                       0x080001bb   Thumb Code     0  startup_stm32f103xb.o(.text)
    PVD_IRQHandler                           0x080001bb   Thumb Code     0  startup_stm32f103xb.o(.text)
    RCC_IRQHandler                           0x080001bb   Thumb Code     0  startup_stm32f103xb.o(.text)
    RTC_Alarm_IRQHandler                     0x080001bb   Thumb Code     0  startup_stm32f103xb.o(.text)
    RTC_IRQHandler                           0x080001bb   Thumb Code     0  startup_stm32f103xb.o(.text)
    SPI1_IRQHandler                          0x080001bb   Thumb Code     0  startup_stm32f103xb.o(.text)
    SPI2_IRQHandler                          0x080001bb   Thumb Code     0  startup_stm32f103xb.o(.text)
    TAMPER_IRQHandler                        0x080001bb   Thumb Code     0  startup_stm32f103xb.o(.text)
    TIM1_BRK_IRQHandler                      0x080001bb   Thumb Code     0  startup_stm32f103xb.o(.text)
    TIM1_CC_IRQHandler                       0x080001bb   Thumb Code     0  startup_stm32f103xb.o(.text)
    TIM1_TRG_COM_IRQHandler                  0x080001bb   Thumb Code     0  startup_stm32f103xb.o(.text)
    TIM1_UP_IRQHandler                       0x080001bb   Thumb Code     0  startup_stm32f103xb.o(.text)
    TIM2_IRQHandler                          0x080001bb   Thumb Code     0  startup_stm32f103xb.o(.text)
    TIM3_IRQHandler                          0x080001bb   Thumb Code     0  startup_stm32f103xb.o(.text)
    TIM4_IRQHandler                          0x080001bb   Thumb Code     0  startup_stm32f103xb.o(.text)
    USART1_IRQHandler                        0x080001bb   Thumb Code     0  startup_stm32f103xb.o(.text)
    USART2_IRQHandler                        0x080001bb   Thumb Code     0  startup_stm32f103xb.o(.text)
    USART3_IRQHandler                        0x080001bb   Thumb Code     0  startup_stm32f103xb.o(.text)
    USBWakeUp_IRQHandler                     0x080001bb   Thumb Code     0  startup_stm32f103xb.o(.text)
    USB_HP_CAN1_TX_IRQHandler                0x080001bb   Thumb Code     0  startup_stm32f103xb.o(.text)
    USB_LP_CAN1_RX0_IRQHandler               0x080001bb   Thumb Code     0  startup_stm32f103xb.o(.text)
    WWDG_IRQHandler                          0x080001bb   Thumb Code     0  startup_stm32f103xb.o(.text)
    __user_initial_stackheap                 0x080001bd   Thumb Code     0  startup_stm32f103xb.o(.text)
    __2printf                                0x080001e1   Thumb Code    20  noretval__2printf.o(.text)
    __printf                                 0x080001f9   Thumb Code   104  __printf.o(.text)
    _printf_str                              0x08000261   Thumb Code    82  _printf_str.o(.text)
    __aeabi_memclr4                          0x080002b3   Thumb Code     0  rt_memclr_w.o(.text)
    __aeabi_memclr8                          0x080002b3   Thumb Code     0  rt_memclr_w.o(.text)
    __rt_memclr_w                            0x080002b3   Thumb Code    78  rt_memclr_w.o(.text)
    _memset_w                                0x080002b7   Thumb Code     0  rt_memclr_w.o(.text)
    __use_two_region_memory                  0x08000301   Thumb Code     2  heapauxi.o(.text)
    __rt_heap_escrow                         0x08000303   Thumb Code     2  heapauxi.o(.text)
    __rt_heap_expand                         0x08000305   Thumb Code     2  heapauxi.o(.text)
    _printf_cs_common                        0x08000307   Thumb Code    20  _printf_char.o(.text)
    _printf_char                             0x0800031b   Thumb Code    16  _printf_char.o(.text)
    _printf_string                           0x0800032b   Thumb Code     8  _printf_char.o(.text)
    _printf_char_file                        0x08000335   Thumb Code    32  _printf_char_file.o(.text)
    _printf_char_common                      0x08000363   Thumb Code    32  _printf_char_common.o(.text)
    ferror                                   0x08000389   Thumb Code     8  ferror.o(.text)
    _initio                                  0x08000391   Thumb Code   210  initio.o(.text)
    _terminateio                             0x08000463   Thumb Code    56  initio.o(.text)
    _sys_open                                0x080004c9   Thumb Code    20  sys_io.o(.text)
    _sys_close                               0x080004dd   Thumb Code    12  sys_io.o(.text)
    _sys_write                               0x080004e9   Thumb Code    16  sys_io.o(.text)
    _sys_read                                0x080004f9   Thumb Code    14  sys_io.o(.text)
    _sys_istty                               0x08000507   Thumb Code    12  sys_io.o(.text)
    _sys_seek                                0x08000513   Thumb Code    14  sys_io.o(.text)
    _sys_ensure                              0x08000521   Thumb Code     2  sys_io.o(.text)
    _sys_flen                                0x08000523   Thumb Code    12  sys_io.o(.text)
    __user_setup_stackheap                   0x0800052f   Thumb Code    74  sys_stackheap_outer.o(.text)
    free                                     0x08000579   Thumb Code    78  h1_free.o(.text)
    setvbuf                                  0x080005c7   Thumb Code    70  setvbuf.o(.text)
    freopen                                  0x0800060d   Thumb Code   158  fopen.o(.text)
    fopen                                    0x080006ab   Thumb Code    74  fopen.o(.text)
    _fclose_internal                         0x080006f9   Thumb Code    76  fclose.o(.text)
    fclose                                   0x080006f9   Thumb Code     0  fclose.o(.text)
    exit                                     0x08000745   Thumb Code    18  exit.o(.text)
    __rt_SIGRTRED                            0x08000757   Thumb Code    14  defsig_rtred_outer.o(.text)
    __user_libspace                          0x08000765   Thumb Code     8  libspace.o(.text)
    __user_perproc_libspace                  0x08000765   Thumb Code     0  libspace.o(.text)
    __user_perthread_libspace                0x08000765   Thumb Code     0  libspace.o(.text)
    __I$use$semihosting                      0x0800076d   Thumb Code     0  use_no_semi.o(.text)
    __use_no_semihosting_swi                 0x0800076d   Thumb Code     2  use_no_semi.o(.text)
    __semihosting_library_function           0x0800076f   Thumb Code     0  indicate_semi.o(.text)
    __rt_heap_descriptor                     0x08000771   Thumb Code     8  rt_heap_descriptor_intlibspace.o(.text)
    __use_no_heap                            0x08000779   Thumb Code     2  hguard.o(.text)
    __heap$guard                             0x0800077b   Thumb Code     2  hguard.o(.text)
    _terminate_user_alloc                    0x0800077d   Thumb Code     2  init_alloc.o(.text)
    _init_user_alloc                         0x0800077f   Thumb Code     2  init_alloc.o(.text)
    __Heap_Full                              0x08000781   Thumb Code    34  init_alloc.o(.text)
    __Heap_Broken                            0x080007a3   Thumb Code     6  init_alloc.o(.text)
    _init_alloc                              0x080007a9   Thumb Code    94  init_alloc.o(.text)
    malloc                                   0x08000807   Thumb Code    94  h1_alloc.o(.text)
    _fseek                                   0x08000865   Thumb Code   242  fseek.o(.text)
    fseek                                    0x08000865   Thumb Code     0  fseek.o(.text)
    _seterr                                  0x0800095d   Thumb Code    20  stdio.o(.text)
    _writebuf                                0x08000971   Thumb Code    84  stdio.o(.text)
    _fflush                                  0x080009c5   Thumb Code    70  stdio.o(.text)
    _deferredlazyseek                        0x08000a0b   Thumb Code    60  stdio.o(.text)
    __sig_exit                               0x08000a4d   Thumb Code    10  defsig_exit.o(.text)
    __rt_SIGRTRED_inner                      0x08000a59   Thumb Code    14  defsig_rtred_inner.o(.text)
    strlen                                   0x08000a8d   Thumb Code    62  strlen.o(.text)
    _sys_exit                                0x08000acd   Thumb Code     8  sys_exit.o(.text)
    __Heap_Initialize                        0x08000ad9   Thumb Code    10  h1_init.o(.text)
    __Heap_DescSize                          0x08000ae3   Thumb Code     4  h1_init.o(.text)
    __Heap_ProvideMemory                     0x08000ae7   Thumb Code    52  h1_extend.o(.text)
    _ftell_internal                          0x08000b1b   Thumb Code    66  ftell.o(.text)
    ftell                                    0x08000b1b   Thumb Code     0  ftell.o(.text)
    __default_signal_display                 0x08000b5d   Thumb Code    50  defsig_general.o(.text)
    __rt_SIGRTMEM                            0x08000b8f   Thumb Code    14  defsig_rtmem_outer.o(.text)
    _ttywrch                                 0x08000b9d   Thumb Code    14  sys_wrch.o(.text)
    __aeabi_errno_addr                       0x08000bad   Thumb Code     8  rt_errno_addr_intlibspace.o(.text)
    __errno$intlibspace                      0x08000bad   Thumb Code     0  rt_errno_addr_intlibspace.o(.text)
    __rt_errno_addr$intlibspace              0x08000bad   Thumb Code     0  rt_errno_addr_intlibspace.o(.text)
    __rt_SIGRTMEM_inner                      0x08000bb5   Thumb Code    22  defsig_rtmem_inner.o(.text)
    ADC_ConversionStop_Disable               0x08000c05   Thumb Code    86  stm32f1xx_hal_adc.o(i.ADC_ConversionStop_Disable)
    ADC_Enable                               0x08000c5d   Thumb Code   114  stm32f1xx_hal_adc.o(i.ADC_Enable)
    BusFault_Handler                         0x08000cd9   Thumb Code     2  stm32f1xx_it.o(i.BusFault_Handler)
    DebugMon_Handler                         0x08000cdb   Thumb Code     2  stm32f1xx_it.o(i.DebugMon_Handler)
    Error_Handler                            0x08000cdd   Thumb Code     4  main.o(i.Error_Handler)
    HAL_ADC_ConfigChannel                    0x08000ce1   Thumb Code   240  stm32f1xx_hal_adc.o(i.HAL_ADC_ConfigChannel)
    HAL_ADC_GetValue                         0x08000ddd   Thumb Code     6  stm32f1xx_hal_adc.o(i.HAL_ADC_GetValue)
    HAL_ADC_Init                             0x08000de5   Thumb Code   272  stm32f1xx_hal_adc.o(i.HAL_ADC_Init)
    HAL_ADC_MspInit                          0x08000f01   Thumb Code   118  adc.o(i.HAL_ADC_MspInit)
    HAL_ADC_PollForConversion                0x08000f89   Thumb Code   304  stm32f1xx_hal_adc.o(i.HAL_ADC_PollForConversion)
    HAL_ADC_Start                            0x080010c5   Thumb Code   184  stm32f1xx_hal_adc.o(i.HAL_ADC_Start)
    HAL_Delay                                0x08001185   Thumb Code    32  stm32f1xx_hal.o(i.HAL_Delay)
    HAL_GPIO_Init                            0x080011a9   Thumb Code   446  stm32f1xx_hal_gpio.o(i.HAL_GPIO_Init)
    HAL_GPIO_ReadPin                         0x08001389   Thumb Code    10  stm32f1xx_hal_gpio.o(i.HAL_GPIO_ReadPin)
    HAL_GPIO_WritePin                        0x08001393   Thumb Code    10  stm32f1xx_hal_gpio.o(i.HAL_GPIO_WritePin)
    HAL_GetTick                              0x0800139d   Thumb Code     6  stm32f1xx_hal.o(i.HAL_GetTick)
    HAL_I2C_Init                             0x080013a9   Thumb Code   376  stm32f1xx_hal_i2c.o(i.HAL_I2C_Init)
    HAL_I2C_Mem_Write                        0x08001531   Thumb Code   294  stm32f1xx_hal_i2c.o(i.HAL_I2C_Mem_Write)
    HAL_I2C_MspInit                          0x08001661   Thumb Code    96  i2c.o(i.HAL_I2C_MspInit)
    HAL_IncTick                              0x080016d1   Thumb Code    12  stm32f1xx_hal.o(i.HAL_IncTick)
    HAL_Init                                 0x080016e1   Thumb Code    32  stm32f1xx_hal.o(i.HAL_Init)
    HAL_InitTick                             0x08001705   Thumb Code    54  stm32f1xx_hal.o(i.HAL_InitTick)
    HAL_MspInit                              0x08001745   Thumb Code    52  stm32f1xx_hal_msp.o(i.HAL_MspInit)
    HAL_NVIC_SetPriority                     0x08001781   Thumb Code    60  stm32f1xx_hal_cortex.o(i.HAL_NVIC_SetPriority)
    HAL_NVIC_SetPriorityGrouping             0x080017c1   Thumb Code    26  stm32f1xx_hal_cortex.o(i.HAL_NVIC_SetPriorityGrouping)
    HAL_RCCEx_GetPeriphCLKFreq               0x080017e5   Thumb Code   148  stm32f1xx_hal_rcc_ex.o(i.HAL_RCCEx_GetPeriphCLKFreq)
    HAL_RCCEx_PeriphCLKConfig                0x08001889   Thumb Code   224  stm32f1xx_hal_rcc_ex.o(i.HAL_RCCEx_PeriphCLKConfig)
    HAL_RCC_ClockConfig                      0x08001975   Thumb Code   280  stm32f1xx_hal_rcc.o(i.HAL_RCC_ClockConfig)
    HAL_RCC_GetPCLK1Freq                     0x08001aa1   Thumb Code    20  stm32f1xx_hal_rcc.o(i.HAL_RCC_GetPCLK1Freq)
    HAL_RCC_GetPCLK2Freq                     0x08001ac1   Thumb Code    20  stm32f1xx_hal_rcc.o(i.HAL_RCC_GetPCLK2Freq)
    HAL_RCC_GetSysClockFreq                  0x08001ae1   Thumb Code    58  stm32f1xx_hal_rcc.o(i.HAL_RCC_GetSysClockFreq)
    HAL_RCC_OscConfig                        0x08001b2d   Thumb Code   778  stm32f1xx_hal_rcc.o(i.HAL_RCC_OscConfig)
    HAL_SPI_Init                             0x08001e4d   Thumb Code   178  stm32f1xx_hal_spi.o(i.HAL_SPI_Init)
    HAL_SPI_MspInit                          0x08001f01   Thumb Code    98  spi.o(i.HAL_SPI_MspInit)
    HAL_SPI_TransmitReceive                  0x08001f71   Thumb Code   496  stm32f1xx_hal_spi.o(i.HAL_SPI_TransmitReceive)
    HAL_SYSTICK_Config                       0x08002161   Thumb Code    40  stm32f1xx_hal_cortex.o(i.HAL_SYSTICK_Config)
    HAL_UART_Init                            0x08002189   Thumb Code   100  stm32f1xx_hal_uart.o(i.HAL_UART_Init)
    HAL_UART_MspInit                         0x080021ed   Thumb Code   112  usart.o(i.HAL_UART_MspInit)
    HAL_UART_Transmit                        0x0800226d   Thumb Code   160  stm32f1xx_hal_uart.o(i.HAL_UART_Transmit)
    HardFault_Handler                        0x0800230d   Thumb Code     2  stm32f1xx_it.o(i.HardFault_Handler)
    MX_ADC1_Init                             0x080025e1   Thumb Code    68  adc.o(i.MX_ADC1_Init)
    MX_ADC2_Init                             0x0800262d   Thumb Code    70  adc.o(i.MX_ADC2_Init)
    MX_GPIO_Init                             0x0800267d   Thumb Code   162  gpio.o(i.MX_GPIO_Init)
    MX_I2C1_Init                             0x0800272d   Thumb Code    50  i2c.o(i.MX_I2C1_Init)
    MX_SPI1_Init                             0x0800276d   Thumb Code    62  spi.o(i.MX_SPI1_Init)
    MX_USART1_UART_Init                      0x080027b5   Thumb Code    48  usart.o(i.MX_USART1_UART_Init)
    MemManage_Handler                        0x080027ed   Thumb Code     2  stm32f1xx_it.o(i.MemManage_Handler)
    NMI_Handler                              0x080027ef   Thumb Code     2  stm32f1xx_it.o(i.NMI_Handler)
    NRF24L01_Check                           0x080027f1   Thumb Code    62  nrf24l01.o(i.NRF24L01_Check)
    NRF24L01_Read_Buf                        0x08002839   Thumb Code    72  nrf24l01.o(i.NRF24L01_Read_Buf)
    NRF24L01_Read_Reg                        0x08002889   Thumb Code    48  nrf24l01.o(i.NRF24L01_Read_Reg)
    NRF24L01_TX_Mode                         0x080028c1   Thumb Code   104  nrf24l01.o(i.NRF24L01_TX_Mode)
    NRF24L01_TxPacket                        0x08002931   Thumb Code    92  nrf24l01.o(i.NRF24L01_TxPacket)
    NRF24L01_Write_Buf                       0x08002991   Thumb Code    74  nrf24l01.o(i.NRF24L01_Write_Buf)
    NRF24L01_Write_Reg                       0x080029e5   Thumb Code    50  nrf24l01.o(i.NRF24L01_Write_Reg)
    OLED_Clear                               0x08002a21   Thumb Code    52  oled.o(i.OLED_Clear)
    OLED_Init                                0x08002a55   Thumb Code    28  oled.o(i.OLED_Init)
    OLED_Set_Pos                             0x08002a75   Thumb Code    34  oled.o(i.OLED_Set_Pos)
    OLED_ShowChar                            0x08002a99   Thumb Code   148  oled.o(i.OLED_ShowChar)
    OLED_ShowNum                             0x08002b35   Thumb Code   116  oled.o(i.OLED_ShowNum)
    OLED_WR_CMD                              0x08002ba9   Thumb Code    32  oled.o(i.OLED_WR_CMD)
    OLED_WR_DATA                             0x08002bcd   Thumb Code    32  oled.o(i.OLED_WR_DATA)
    PendSV_Handler                           0x08002bf1   Thumb Code     2  stm32f1xx_it.o(i.PendSV_Handler)
    SPIx_ReadWriteByte                       0x08002ce1   Thumb Code    32  nrf24l01.o(i.SPIx_ReadWriteByte)
    SVC_Handler                              0x08002d01   Thumb Code     2  stm32f1xx_it.o(i.SVC_Handler)
    SysTick_Handler                          0x08002d03   Thumb Code     4  stm32f1xx_it.o(i.SysTick_Handler)
    SystemClock_Config                       0x08002d07   Thumb Code   120  main.o(i.SystemClock_Config)
    SystemInit                               0x08002d7f   Thumb Code     2  system_stm32f1xx.o(i.SystemInit)
    UsageFault_Handler                       0x08002efb   Thumb Code     2  stm32f1xx_it.o(i.UsageFault_Handler)
    fputc                                    0x08002f1d   Thumb Code    20  remote.o(i.fputc)
    get_valuex                               0x08002f35   Thumb Code    28  remote.o(i.get_valuex)
    get_valuey                               0x08002f55   Thumb Code    28  remote.o(i.get_valuey)
    main                                     0x08002f75   Thumb Code   324  main.o(i.main)
    oled_pow                                 0x0800314d   Thumb Code    16  oled.o(i.oled_pow)
    AHBPrescTable                            0x08003180   Data          16  system_stm32f1xx.o(.constdata)
    APBPrescTable                            0x08003190   Data           8  system_stm32f1xx.o(.constdata)
    TX_ADDRESS                               0x08003198   Data           5  nrf24l01.o(.constdata)
    RX_ADDRESS                               0x0800319d   Data           5  nrf24l01.o(.constdata)
    F6x8                                     0x080031a2   Data         552  oled_font.o(.constdata)
    F8X16                                    0x080033ca   Data        1504  oled_font.o(.constdata)
    __stdin_name                             0x080039aa   Data           4  sys_io.o(.constdata)
    __stdout_name                            0x080039ae   Data           4  sys_io.o(.constdata)
    __stderr_name                            0x080039b2   Data           4  sys_io.o(.constdata)
    Region$$Table$$Base                      0x080039b8   Number         0  anon$$obj.o(Region$$Table)
    Region$$Table$$Limit                     0x080039d8   Number         0  anon$$obj.o(Region$$Table)
    y                                        0x20000000   Data           4  main.o(.data)
    x                                        0x20000004   Data           4  main.o(.data)
    uwTickFreq                               0x20000008   Data           1  stm32f1xx_hal.o(.data)
    uwTickPrio                               0x2000000c   Data           4  stm32f1xx_hal.o(.data)
    uwTick                                   0x20000010   Data           4  stm32f1xx_hal.o(.data)
    SystemCoreClock                          0x20000014   Data           4  system_stm32f1xx.o(.data)
    CMD_Data                                 0x20000018   Data          23  oled.o(.data)
    __aeabi_stdin                            0x20000030   Data           4  stdio_streams.o(.data)
    __aeabi_stdout                           0x20000034   Data           4  stdio_streams.o(.data)
    __aeabi_stderr                           0x20000038   Data           4  stdio_streams.o(.data)
    hadc1                                    0x2000003c   Data          48  adc.o(.bss)
    hadc2                                    0x2000006c   Data          48  adc.o(.bss)
    hi2c1                                    0x2000009c   Data          84  i2c.o(.bss)
    hspi1                                    0x200000f0   Data          88  spi.o(.bss)
    huart1                                   0x20000148   Data          72  usart.o(.bss)
    __stdin                                  0x20000190   Data          84  stdio_streams.o(.bss)
    __stdout                                 0x200001e4   Data          84  stdio_streams.o(.bss)
    __stderr                                 0x20000238   Data          84  stdio_streams.o(.bss)
    __libspace_start                         0x2000028c   Data          96  libspace.o(.bss)
    __temporary_stack_top$libspace           0x200002ec   Data           0  libspace.o(.bss)



==============================================================================

Memory Map of the image

  Image Entry point : 0x080000ed

  Load Region LR_IROM1 (Base: 0x08000000, Size: 0x00003a14, Max: 0x00010000, ABSOLUTE)

    Execution Region ER_IROM1 (Exec base: 0x08000000, Load base: 0x08000000, Size: 0x000039d8, Max: 0x00010000, ABSOLUTE)

    Exec Addr    Load Addr    Size         Type   Attr      Idx    E Section Name        Object

    0x08000000   0x08000000   0x000000ec   Data   RO            3    RESET               startup_stm32f103xb.o
    0x080000ec   0x080000ec   0x00000008   Code   RO         3288  * !!!main             c_w.l(__main.o)
    0x080000f4   0x080000f4   0x00000034   Code   RO         3632    !!!scatter          c_w.l(__scatter.o)
    0x08000128   0x08000128   0x0000001a   Code   RO         3634    !!handler_copy      c_w.l(__scatter_copy.o)
    0x08000142   0x08000142   0x00000002   PAD
    0x08000144   0x08000144   0x0000001c   Code   RO         3636    !!handler_zi        c_w.l(__scatter_zi.o)
    0x08000160   0x08000160   0x00000000   Code   RO         3283    .ARM.Collect$$_printf_percent$$00000000  c_w.l(_printf_percent.o)
    0x08000160   0x08000160   0x00000006   Code   RO         3282    .ARM.Collect$$_printf_percent$$00000014  c_w.l(_printf_s.o)
    0x08000166   0x08000166   0x00000004   Code   RO         3313    .ARM.Collect$$_printf_percent$$00000017  c_w.l(_printf_percent_end.o)
    0x0800016a   0x0800016a   0x00000002   Code   RO         3439    .ARM.Collect$$libinit$$00000000  c_w.l(libinit.o)
    0x0800016c   0x0800016c   0x00000000   Code   RO         3441    .ARM.Collect$$libinit$$00000002  c_w.l(libinit2.o)
    0x0800016c   0x0800016c   0x00000000   Code   RO         3443    .ARM.Collect$$libinit$$00000004  c_w.l(libinit2.o)
    0x0800016c   0x0800016c   0x00000008   Code   RO         3444    .ARM.Collect$$libinit$$00000005  c_w.l(libinit2.o)
    0x08000174   0x08000174   0x00000000   Code   RO         3446    .ARM.Collect$$libinit$$0000000A  c_w.l(libinit2.o)
    0x08000174   0x08000174   0x00000000   Code   RO         3448    .ARM.Collect$$libinit$$0000000C  c_w.l(libinit2.o)
    0x08000174   0x08000174   0x00000000   Code   RO         3450    .ARM.Collect$$libinit$$0000000E  c_w.l(libinit2.o)
    0x08000174   0x08000174   0x00000000   Code   RO         3453    .ARM.Collect$$libinit$$00000011  c_w.l(libinit2.o)
    0x08000174   0x08000174   0x00000000   Code   RO         3455    .ARM.Collect$$libinit$$00000013  c_w.l(libinit2.o)
    0x08000174   0x08000174   0x00000000   Code   RO         3457    .ARM.Collect$$libinit$$00000015  c_w.l(libinit2.o)
    0x08000174   0x08000174   0x00000000   Code   RO         3459    .ARM.Collect$$libinit$$00000017  c_w.l(libinit2.o)
    0x08000174   0x08000174   0x00000000   Code   RO         3461    .ARM.Collect$$libinit$$00000019  c_w.l(libinit2.o)
    0x08000174   0x08000174   0x00000000   Code   RO         3463    .ARM.Collect$$libinit$$0000001B  c_w.l(libinit2.o)
    0x08000174   0x08000174   0x00000000   Code   RO         3465    .ARM.Collect$$libinit$$0000001D  c_w.l(libinit2.o)
    0x08000174   0x08000174   0x00000000   Code   RO         3467    .ARM.Collect$$libinit$$0000001F  c_w.l(libinit2.o)
    0x08000174   0x08000174   0x00000000   Code   RO         3469    .ARM.Collect$$libinit$$00000021  c_w.l(libinit2.o)
    0x08000174   0x08000174   0x00000000   Code   RO         3471    .ARM.Collect$$libinit$$00000023  c_w.l(libinit2.o)
    0x08000174   0x08000174   0x00000004   Code   RO         3472    .ARM.Collect$$libinit$$00000024  c_w.l(libinit2.o)
    0x08000178   0x08000178   0x00000000   Code   RO         3473    .ARM.Collect$$libinit$$00000025  c_w.l(libinit2.o)
    0x08000178   0x08000178   0x00000000   Code   RO         3477    .ARM.Collect$$libinit$$0000002C  c_w.l(libinit2.o)
    0x08000178   0x08000178   0x00000000   Code   RO         3479    .ARM.Collect$$libinit$$0000002E  c_w.l(libinit2.o)
    0x08000178   0x08000178   0x00000000   Code   RO         3481    .ARM.Collect$$libinit$$00000030  c_w.l(libinit2.o)
    0x08000178   0x08000178   0x00000000   Code   RO         3483    .ARM.Collect$$libinit$$00000032  c_w.l(libinit2.o)
    0x08000178   0x08000178   0x00000002   Code   RO         3484    .ARM.Collect$$libinit$$00000033  c_w.l(libinit2.o)
    0x0800017a   0x0800017a   0x00000002   Code   RO         3611    .ARM.Collect$$libshutdown$$00000000  c_w.l(libshutdown.o)
    0x0800017c   0x0800017c   0x00000000   Code   RO         3486    .ARM.Collect$$libshutdown$$00000002  c_w.l(libshutdown2.o)
    0x0800017c   0x0800017c   0x00000004   Code   RO         3487    .ARM.Collect$$libshutdown$$00000003  c_w.l(libshutdown2.o)
    0x08000180   0x08000180   0x00000000   Code   RO         3488    .ARM.Collect$$libshutdown$$00000004  c_w.l(libshutdown2.o)
    0x08000180   0x08000180   0x00000000   Code   RO         3491    .ARM.Collect$$libshutdown$$00000007  c_w.l(libshutdown2.o)
    0x08000180   0x08000180   0x00000000   Code   RO         3494    .ARM.Collect$$libshutdown$$0000000A  c_w.l(libshutdown2.o)
    0x08000180   0x08000180   0x00000000   Code   RO         3496    .ARM.Collect$$libshutdown$$0000000C  c_w.l(libshutdown2.o)
    0x08000180   0x08000180   0x00000000   Code   RO         3499    .ARM.Collect$$libshutdown$$0000000F  c_w.l(libshutdown2.o)
    0x08000180   0x08000180   0x00000002   Code   RO         3500    .ARM.Collect$$libshutdown$$00000010  c_w.l(libshutdown2.o)
    0x08000182   0x08000182   0x00000000   Code   RO         3308    .ARM.Collect$$rtentry$$00000000  c_w.l(__rtentry.o)
    0x08000182   0x08000182   0x00000000   Code   RO         3326    .ARM.Collect$$rtentry$$00000002  c_w.l(__rtentry2.o)
    0x08000182   0x08000182   0x00000006   Code   RO         3338    .ARM.Collect$$rtentry$$00000004  c_w.l(__rtentry4.o)
    0x08000188   0x08000188   0x00000000   Code   RO         3328    .ARM.Collect$$rtentry$$00000009  c_w.l(__rtentry2.o)
    0x08000188   0x08000188   0x00000004   Code   RO         3329    .ARM.Collect$$rtentry$$0000000A  c_w.l(__rtentry2.o)
    0x0800018c   0x0800018c   0x00000000   Code   RO         3331    .ARM.Collect$$rtentry$$0000000C  c_w.l(__rtentry2.o)
    0x0800018c   0x0800018c   0x00000008   Code   RO         3332    .ARM.Collect$$rtentry$$0000000D  c_w.l(__rtentry2.o)
    0x08000194   0x08000194   0x00000002   Code   RO         3507    .ARM.Collect$$rtexit$$00000000  c_w.l(rtexit.o)
    0x08000196   0x08000196   0x00000000   Code   RO         3557    .ARM.Collect$$rtexit$$00000002  c_w.l(rtexit2.o)
    0x08000196   0x08000196   0x00000004   Code   RO         3558    .ARM.Collect$$rtexit$$00000003  c_w.l(rtexit2.o)
    0x0800019a   0x0800019a   0x00000006   Code   RO         3559    .ARM.Collect$$rtexit$$00000004  c_w.l(rtexit2.o)
    0x080001a0   0x080001a0   0x00000000   Code   RO         3563    .emb_text           c_w.l(maybetermalloc1.o)
    0x080001a0   0x080001a0   0x00000040   Code   RO            4    .text               startup_stm32f103xb.o
    0x080001e0   0x080001e0   0x00000018   Code   RO         3256    .text               c_w.l(noretval__2printf.o)
    0x080001f8   0x080001f8   0x00000068   Code   RO         3258    .text               c_w.l(__printf.o)
    0x08000260   0x08000260   0x00000052   Code   RO         3260    .text               c_w.l(_printf_str.o)
    0x080002b2   0x080002b2   0x0000004e   Code   RO         3284    .text               c_w.l(rt_memclr_w.o)
    0x08000300   0x08000300   0x00000006   Code   RO         3286    .text               c_w.l(heapauxi.o)
    0x08000306   0x08000306   0x0000002c   Code   RO         3309    .text               c_w.l(_printf_char.o)
    0x08000332   0x08000332   0x00000002   PAD
    0x08000334   0x08000334   0x00000024   Code   RO         3311    .text               c_w.l(_printf_char_file.o)
    0x08000358   0x08000358   0x00000030   Code   RO         3340    .text               c_w.l(_printf_char_common.o)
    0x08000388   0x08000388   0x00000008   Code   RO         3342    .text               c_w.l(ferror.o)
    0x08000390   0x08000390   0x00000138   Code   RO         3344    .text               c_w.l(initio.o)
    0x080004c8   0x080004c8   0x00000066   Code   RO         3350    .text               c_w.l(sys_io.o)
    0x0800052e   0x0800052e   0x0000004a   Code   RO         3357    .text               c_w.l(sys_stackheap_outer.o)
    0x08000578   0x08000578   0x0000004e   Code   RO         3361    .text               c_w.l(h1_free.o)
    0x080005c6   0x080005c6   0x00000046   Code   RO         3417    .text               c_w.l(setvbuf.o)
    0x0800060c   0x0800060c   0x000000ec   Code   RO         3420    .text               c_w.l(fopen.o)
    0x080006f8   0x080006f8   0x0000004c   Code   RO         3422    .text               c_w.l(fclose.o)
    0x08000744   0x08000744   0x00000012   Code   RO         3428    .text               c_w.l(exit.o)
    0x08000756   0x08000756   0x0000000e   Code   RO         3430    .text               c_w.l(defsig_rtred_outer.o)
    0x08000764   0x08000764   0x00000008   Code   RO         3501    .text               c_w.l(libspace.o)
    0x0800076c   0x0800076c   0x00000002   Code   RO         3504    .text               c_w.l(use_no_semi.o)
    0x0800076e   0x0800076e   0x00000000   Code   RO         3506    .text               c_w.l(indicate_semi.o)
    0x0800076e   0x0800076e   0x00000002   PAD
    0x08000770   0x08000770   0x00000008   Code   RO         3514    .text               c_w.l(rt_heap_descriptor_intlibspace.o)
    0x08000778   0x08000778   0x00000004   Code   RO         3516    .text               c_w.l(hguard.o)
    0x0800077c   0x0800077c   0x0000008a   Code   RO         3518    .text               c_w.l(init_alloc.o)
    0x08000806   0x08000806   0x0000005e   Code   RO         3524    .text               c_w.l(h1_alloc.o)
    0x08000864   0x08000864   0x000000f8   Code   RO         3538    .text               c_w.l(fseek.o)
    0x0800095c   0x0800095c   0x000000f0   Code   RO         3540    .text               c_w.l(stdio.o)
    0x08000a4c   0x08000a4c   0x0000000a   Code   RO         3542    .text               c_w.l(defsig_exit.o)
    0x08000a56   0x08000a56   0x00000002   PAD
    0x08000a58   0x08000a58   0x00000034   Code   RO         3544    .text               c_w.l(defsig_rtred_inner.o)
    0x08000a8c   0x08000a8c   0x0000003e   Code   RO         3546    .text               c_w.l(strlen.o)
    0x08000aca   0x08000aca   0x00000002   PAD
    0x08000acc   0x08000acc   0x0000000c   Code   RO         3554    .text               c_w.l(sys_exit.o)
    0x08000ad8   0x08000ad8   0x0000000e   Code   RO         3565    .text               c_w.l(h1_init.o)
    0x08000ae6   0x08000ae6   0x00000034   Code   RO         3567    .text               c_w.l(h1_extend.o)
    0x08000b1a   0x08000b1a   0x00000042   Code   RO         3573    .text               c_w.l(ftell.o)
    0x08000b5c   0x08000b5c   0x00000032   Code   RO         3577    .text               c_w.l(defsig_general.o)
    0x08000b8e   0x08000b8e   0x0000000e   Code   RO         3579    .text               c_w.l(defsig_rtmem_outer.o)
    0x08000b9c   0x08000b9c   0x0000000e   Code   RO         3592    .text               c_w.l(sys_wrch.o)
    0x08000baa   0x08000baa   0x00000002   PAD
    0x08000bac   0x08000bac   0x00000008   Code   RO         3599    .text               c_w.l(rt_errno_addr_intlibspace.o)
    0x08000bb4   0x08000bb4   0x00000050   Code   RO         3605    .text               c_w.l(defsig_rtmem_inner.o)
    0x08000c04   0x08000c04   0x00000056   Code   RO          515    i.ADC_ConversionStop_Disable  stm32f1xx_hal_adc.o
    0x08000c5a   0x08000c5a   0x00000002   PAD
    0x08000c5c   0x08000c5c   0x0000007c   Code   RO          519    i.ADC_Enable        stm32f1xx_hal_adc.o
    0x08000cd8   0x08000cd8   0x00000002   Code   RO          380    i.BusFault_Handler  stm32f1xx_it.o
    0x08000cda   0x08000cda   0x00000002   Code   RO          381    i.DebugMon_Handler  stm32f1xx_it.o
    0x08000cdc   0x08000cdc   0x00000004   Code   RO           13    i.Error_Handler     main.o
    0x08000ce0   0x08000ce0   0x000000fc   Code   RO          521    i.HAL_ADC_ConfigChannel  stm32f1xx_hal_adc.o
    0x08000ddc   0x08000ddc   0x00000006   Code   RO          528    i.HAL_ADC_GetValue  stm32f1xx_hal_adc.o
    0x08000de2   0x08000de2   0x00000002   PAD
    0x08000de4   0x08000de4   0x0000011c   Code   RO          530    i.HAL_ADC_Init      stm32f1xx_hal_adc.o
    0x08000f00   0x08000f00   0x00000088   Code   RO          207    i.HAL_ADC_MspInit   adc.o
    0x08000f88   0x08000f88   0x0000013c   Code   RO          534    i.HAL_ADC_PollForConversion  stm32f1xx_hal_adc.o
    0x080010c4   0x080010c4   0x000000c0   Code   RO          536    i.HAL_ADC_Start     stm32f1xx_hal_adc.o
    0x08001184   0x08001184   0x00000024   Code   RO          798    i.HAL_Delay         stm32f1xx_hal.o
    0x080011a8   0x080011a8   0x000001e0   Code   RO         1108    i.HAL_GPIO_Init     stm32f1xx_hal_gpio.o
    0x08001388   0x08001388   0x0000000a   Code   RO         1110    i.HAL_GPIO_ReadPin  stm32f1xx_hal_gpio.o
    0x08001392   0x08001392   0x0000000a   Code   RO         1112    i.HAL_GPIO_WritePin  stm32f1xx_hal_gpio.o
    0x0800139c   0x0800139c   0x0000000c   Code   RO          802    i.HAL_GetTick       stm32f1xx_hal.o
    0x080013a8   0x080013a8   0x00000188   Code   RO         1779    i.HAL_I2C_Init      stm32f1xx_hal_i2c.o
    0x08001530   0x08001530   0x00000130   Code   RO         1800    i.HAL_I2C_Mem_Write  stm32f1xx_hal_i2c.o
    0x08001660   0x08001660   0x00000070   Code   RO          255    i.HAL_I2C_MspInit   i2c.o
    0x080016d0   0x080016d0   0x00000010   Code   RO          808    i.HAL_IncTick       stm32f1xx_hal.o
    0x080016e0   0x080016e0   0x00000024   Code   RO          809    i.HAL_Init          stm32f1xx_hal.o
    0x08001704   0x08001704   0x00000040   Code   RO          810    i.HAL_InitTick      stm32f1xx_hal.o
    0x08001744   0x08001744   0x0000003c   Code   RO          455    i.HAL_MspInit       stm32f1xx_hal_msp.o
    0x08001780   0x08001780   0x00000040   Code   RO         1274    i.HAL_NVIC_SetPriority  stm32f1xx_hal_cortex.o
    0x080017c0   0x080017c0   0x00000024   Code   RO         1275    i.HAL_NVIC_SetPriorityGrouping  stm32f1xx_hal_cortex.o
    0x080017e4   0x080017e4   0x000000a4   Code   RO         1069    i.HAL_RCCEx_GetPeriphCLKFreq  stm32f1xx_hal_rcc_ex.o
    0x08001888   0x08001888   0x000000ec   Code   RO         1070    i.HAL_RCCEx_PeriphCLKConfig  stm32f1xx_hal_rcc_ex.o
    0x08001974   0x08001974   0x0000012c   Code   RO          966    i.HAL_RCC_ClockConfig  stm32f1xx_hal_rcc.o
    0x08001aa0   0x08001aa0   0x00000020   Code   RO          973    i.HAL_RCC_GetPCLK1Freq  stm32f1xx_hal_rcc.o
    0x08001ac0   0x08001ac0   0x00000020   Code   RO          974    i.HAL_RCC_GetPCLK2Freq  stm32f1xx_hal_rcc.o
    0x08001ae0   0x08001ae0   0x0000004c   Code   RO          975    i.HAL_RCC_GetSysClockFreq  stm32f1xx_hal_rcc.o
    0x08001b2c   0x08001b2c   0x00000320   Code   RO          978    i.HAL_RCC_OscConfig  stm32f1xx_hal_rcc.o
    0x08001e4c   0x08001e4c   0x000000b2   Code   RO         2216    i.HAL_SPI_Init      stm32f1xx_hal_spi.o
    0x08001efe   0x08001efe   0x00000002   PAD
    0x08001f00   0x08001f00   0x00000070   Code   RO          297    i.HAL_SPI_MspInit   spi.o
    0x08001f70   0x08001f70   0x000001f0   Code   RO         2225    i.HAL_SPI_TransmitReceive  stm32f1xx_hal_spi.o
    0x08002160   0x08002160   0x00000028   Code   RO         1279    i.HAL_SYSTICK_Config  stm32f1xx_hal_cortex.o
    0x08002188   0x08002188   0x00000064   Code   RO         2593    i.HAL_UART_Init     stm32f1xx_hal_uart.o
    0x080021ec   0x080021ec   0x00000080   Code   RO          339    i.HAL_UART_MspInit  usart.o
    0x0800226c   0x0800226c   0x000000a0   Code   RO         2601    i.HAL_UART_Transmit  stm32f1xx_hal_uart.o
    0x0800230c   0x0800230c   0x00000002   Code   RO          382    i.HardFault_Handler  stm32f1xx_it.o
    0x0800230e   0x0800230e   0x0000002e   Code   RO         1822    i.I2C_IsAcknowledgeFailed  stm32f1xx_hal_i2c.o
    0x0800233c   0x0800233c   0x000000a8   Code   RO         1833    i.I2C_RequestMemoryWrite  stm32f1xx_hal_i2c.o
    0x080023e4   0x080023e4   0x00000056   Code   RO         1837    i.I2C_WaitOnBTFFlagUntilTimeout  stm32f1xx_hal_i2c.o
    0x0800243a   0x0800243a   0x00000002   PAD
    0x0800243c   0x0800243c   0x00000090   Code   RO         1838    i.I2C_WaitOnFlagUntilTimeout  stm32f1xx_hal_i2c.o
    0x080024cc   0x080024cc   0x000000bc   Code   RO         1839    i.I2C_WaitOnMasterAddressFlagUntilTimeout  stm32f1xx_hal_i2c.o
    0x08002588   0x08002588   0x00000056   Code   RO         1841    i.I2C_WaitOnTXEFlagUntilTimeout  stm32f1xx_hal_i2c.o
    0x080025de   0x080025de   0x00000002   PAD
    0x080025e0   0x080025e0   0x0000004c   Code   RO          208    i.MX_ADC1_Init      adc.o
    0x0800262c   0x0800262c   0x00000050   Code   RO          209    i.MX_ADC2_Init      adc.o
    0x0800267c   0x0800267c   0x000000b0   Code   RO          182    i.MX_GPIO_Init      gpio.o
    0x0800272c   0x0800272c   0x00000040   Code   RO          256    i.MX_I2C1_Init      i2c.o
    0x0800276c   0x0800276c   0x00000048   Code   RO          298    i.MX_SPI1_Init      spi.o
    0x080027b4   0x080027b4   0x00000038   Code   RO          340    i.MX_USART1_UART_Init  usart.o
    0x080027ec   0x080027ec   0x00000002   Code   RO          383    i.MemManage_Handler  stm32f1xx_it.o
    0x080027ee   0x080027ee   0x00000002   Code   RO          384    i.NMI_Handler       stm32f1xx_it.o
    0x080027f0   0x080027f0   0x00000048   Code   RO         3006    i.NRF24L01_Check    nrf24l01.o
    0x08002838   0x08002838   0x00000050   Code   RO         3008    i.NRF24L01_Read_Buf  nrf24l01.o
    0x08002888   0x08002888   0x00000038   Code   RO         3009    i.NRF24L01_Read_Reg  nrf24l01.o
    0x080028c0   0x080028c0   0x00000070   Code   RO         3011    i.NRF24L01_TX_Mode  nrf24l01.o
    0x08002930   0x08002930   0x00000060   Code   RO         3012    i.NRF24L01_TxPacket  nrf24l01.o
    0x08002990   0x08002990   0x00000054   Code   RO         3013    i.NRF24L01_Write_Buf  nrf24l01.o
    0x080029e4   0x080029e4   0x0000003c   Code   RO         3014    i.NRF24L01_Write_Reg  nrf24l01.o
    0x08002a20   0x08002a20   0x00000034   Code   RO         3096    i.OLED_Clear        oled.o
    0x08002a54   0x08002a54   0x00000020   Code   RO         3102    i.OLED_Init         oled.o
    0x08002a74   0x08002a74   0x00000022   Code   RO         3105    i.OLED_Set_Pos      oled.o
    0x08002a96   0x08002a96   0x00000002   PAD
    0x08002a98   0x08002a98   0x0000009c   Code   RO         3107    i.OLED_ShowChar     oled.o
    0x08002b34   0x08002b34   0x00000074   Code   RO         3108    i.OLED_ShowNum      oled.o
    0x08002ba8   0x08002ba8   0x00000024   Code   RO         3113    i.OLED_WR_CMD       oled.o
    0x08002bcc   0x08002bcc   0x00000024   Code   RO         3114    i.OLED_WR_DATA      oled.o
    0x08002bf0   0x08002bf0   0x00000002   Code   RO          385    i.PendSV_Handler    stm32f1xx_it.o
    0x08002bf2   0x08002bf2   0x00000034   Code   RO         2254    i.SPI_EndRxTxTransaction  stm32f1xx_hal_spi.o
    0x08002c26   0x08002c26   0x00000002   PAD
    0x08002c28   0x08002c28   0x000000b8   Code   RO         2259    i.SPI_WaitFlagStateUntilTimeout  stm32f1xx_hal_spi.o
    0x08002ce0   0x08002ce0   0x00000020   Code   RO         3016    i.SPIx_ReadWriteByte  nrf24l01.o
    0x08002d00   0x08002d00   0x00000002   Code   RO          386    i.SVC_Handler       stm32f1xx_it.o
    0x08002d02   0x08002d02   0x00000004   Code   RO          387    i.SysTick_Handler   stm32f1xx_it.o
    0x08002d06   0x08002d06   0x00000078   Code   RO           14    i.SystemClock_Config  main.o
    0x08002d7e   0x08002d7e   0x00000002   Code   RO         2927    i.SystemInit        system_stm32f1xx.o
    0x08002d80   0x08002d80   0x0000004e   Code   RO         2616    i.UART_EndRxTransfer  stm32f1xx_hal_uart.o
    0x08002dce   0x08002dce   0x00000002   PAD
    0x08002dd0   0x08002dd0   0x000000b8   Code   RO         2619    i.UART_SetConfig    stm32f1xx_hal_uart.o
    0x08002e88   0x08002e88   0x00000072   Code   RO         2622    i.UART_WaitOnFlagUntilTimeout  stm32f1xx_hal_uart.o
    0x08002efa   0x08002efa   0x00000002   Code   RO          388    i.UsageFault_Handler  stm32f1xx_it.o
    0x08002efc   0x08002efc   0x00000020   Code   RO         1281    i.__NVIC_SetPriority  stm32f1xx_hal_cortex.o
    0x08002f1c   0x08002f1c   0x00000018   Code   RO         2965    i.fputc             remote.o
    0x08002f34   0x08002f34   0x00000020   Code   RO         2966    i.get_valuex        remote.o
    0x08002f54   0x08002f54   0x00000020   Code   RO         2967    i.get_valuey        remote.o
    0x08002f74   0x08002f74   0x000001d8   Code   RO           15    i.main              main.o
    0x0800314c   0x0800314c   0x00000010   Code   RO         3115    i.oled_pow          oled.o
    0x0800315c   0x0800315c   0x00000012   Data   RO          979    .constdata          stm32f1xx_hal_rcc.o
    0x0800316e   0x0800316e   0x00000012   Data   RO         1071    .constdata          stm32f1xx_hal_rcc_ex.o
    0x08003180   0x08003180   0x00000010   Data   RO         2928    .constdata          system_stm32f1xx.o
    0x08003190   0x08003190   0x00000008   Data   RO         2929    .constdata          system_stm32f1xx.o
    0x08003198   0x08003198   0x0000000a   Data   RO         3017    .constdata          nrf24l01.o
    0x080031a2   0x080031a2   0x00000228   Data   RO         3235    .constdata          oled_font.o
    0x080033ca   0x080033ca   0x000005e0   Data   RO         3236    .constdata          oled_font.o
    0x080039aa   0x080039aa   0x00000004   Data   RO         3351    .constdata          c_w.l(sys_io.o)
    0x080039ae   0x080039ae   0x00000004   Data   RO         3352    .constdata          c_w.l(sys_io.o)
    0x080039b2   0x080039b2   0x00000004   Data   RO         3353    .constdata          c_w.l(sys_io.o)
    0x080039b6   0x080039b6   0x00000002   PAD
    0x080039b8   0x080039b8   0x00000020   Data   RO         3630    Region$$Table       anon$$obj.o


    Execution Region RW_IRAM1 (Exec base: 0x20000000, Load base: 0x080039d8, Size: 0x000008f0, Max: 0x00005000, ABSOLUTE)

    Exec Addr    Load Addr    Size         Type   Attr      Idx    E Section Name        Object

    0x20000000   0x080039d8   0x00000008   Data   RW           16    .data               main.o
    0x20000008   0x080039e0   0x0000000c   Data   RW          816    .data               stm32f1xx_hal.o
    0x20000014   0x080039ec   0x00000004   Data   RW         2930    .data               system_stm32f1xx.o
    0x20000018   0x080039f0   0x00000017   Data   RW         3116    .data               oled.o
    0x2000002f   0x08003a07   0x00000001   PAD
    0x20000030   0x08003a08   0x00000004   Data   RW         3317    .data               c_w.l(stdio_streams.o)
    0x20000034   0x08003a0c   0x00000004   Data   RW         3318    .data               c_w.l(stdio_streams.o)
    0x20000038   0x08003a10   0x00000004   Data   RW         3319    .data               c_w.l(stdio_streams.o)
    0x2000003c        -       0x00000060   Zero   RW          210    .bss                adc.o
    0x2000009c        -       0x00000054   Zero   RW          257    .bss                i2c.o
    0x200000f0        -       0x00000058   Zero   RW          299    .bss                spi.o
    0x20000148        -       0x00000048   Zero   RW          341    .bss                usart.o
    0x20000190        -       0x00000054   Zero   RW         3314    .bss                c_w.l(stdio_streams.o)
    0x200001e4        -       0x00000054   Zero   RW         3315    .bss                c_w.l(stdio_streams.o)
    0x20000238        -       0x00000054   Zero   RW         3316    .bss                c_w.l(stdio_streams.o)
    0x2000028c        -       0x00000060   Zero   RW         3502    .bss                c_w.l(libspace.o)
    0x200002ec   0x08003a14   0x00000004   PAD
    0x200002f0        -       0x00000200   Zero   RW            2    HEAP                startup_stm32f103xb.o
    0x200004f0        -       0x00000400   Zero   RW            1    STACK               startup_stm32f103xb.o


==============================================================================

Image component sizes


      Code (inc. data)   RO Data    RW Data    ZI Data      Debug   Object Name

       292         36          0          0         96       2270   adc.o
       176         14          0          0          0        967   gpio.o
       176         30          0          0         84       1649   i2c.o
       596        148          0          8          0     426654   main.o
       592         58         10          0          0       5595   nrf24l01.o
       478         20          0         23          0       5324   oled.o
         0          0       2056          0          0        642   oled_font.o
        88         12          0          0          0       1410   remote.o
       184         24          0          0         88       1641   spi.o
        64         26        236          0       1536        808   startup_stm32f103xb.o
       164         28          0         12          0       5877   stm32f1xx_hal.o
      1260         54          0          0          0       6500   stm32f1xx_hal_adc.o
       172         14          0          0          0      28286   stm32f1xx_hal_cortex.o
       500         34          0          0          0       3503   stm32f1xx_hal_gpio.o
      1414         32          0          0          0       9363   stm32f1xx_hal_i2c.o
        60          8          0          0          0        870   stm32f1xx_hal_msp.o
      1240         84         18          0          0       5092   stm32f1xx_hal_rcc.o
       400         28         18          0          0       2461   stm32f1xx_hal_rcc_ex.o
       910          4          0          0          0       4653   stm32f1xx_hal_spi.o
       636          6          0          0          0       4624   stm32f1xx_hal_uart.o
        20          0          0          0          0       3842   stm32f1xx_it.o
         2          0         24          4          0       1107   system_stm32f1xx.o
       184         24          0          0         72       1694   usart.o

    ----------------------------------------------------------------------
      9624        684       2394         48       1876     524832   Object Totals
         0          0         32          0          0          0   (incl. Generated)
        16          0          0          1          0          0   (incl. Padding)

    ----------------------------------------------------------------------

      Code (inc. data)   RO Data    RW Data    ZI Data      Debug   Library Member Name

         8          0          0          0          0         68   __main.o
       104          0          0          0          0         84   __printf.o
         0          0          0          0          0          0   __rtentry.o
        12          0          0          0          0          0   __rtentry2.o
         6          0          0          0          0          0   __rtentry4.o
        52          8          0          0          0          0   __scatter.o
        26          0          0          0          0          0   __scatter_copy.o
        28          0          0          0          0          0   __scatter_zi.o
        44          0          0          0          0        108   _printf_char.o
        48          6          0          0          0         96   _printf_char_common.o
        36          4          0          0          0         80   _printf_char_file.o
         0          0          0          0          0          0   _printf_percent.o
         4          0          0          0          0          0   _printf_percent_end.o
         6          0          0          0          0          0   _printf_s.o
        82          0          0          0          0         80   _printf_str.o
        10          0          0          0          0         68   defsig_exit.o
        50          0          0          0          0         88   defsig_general.o
        80         58          0          0          0         76   defsig_rtmem_inner.o
        14          0          0          0          0         80   defsig_rtmem_outer.o
        52         38          0          0          0         76   defsig_rtred_inner.o
        14          0          0          0          0         80   defsig_rtred_outer.o
        18          0          0          0          0         80   exit.o
        76          0          0          0          0         88   fclose.o
         8          0          0          0          0         68   ferror.o
       236          4          0          0          0        128   fopen.o
       248          6          0          0          0         84   fseek.o
        66          0          0          0          0         76   ftell.o
        94          0          0          0          0         80   h1_alloc.o
        52          0          0          0          0         68   h1_extend.o
        78          0          0          0          0         80   h1_free.o
        14          0          0          0          0         84   h1_init.o
         6          0          0          0          0        152   heapauxi.o
         4          0          0          0          0        136   hguard.o
         0          0          0          0          0          0   indicate_semi.o
       138          0          0          0          0        168   init_alloc.o
       312         46          0          0          0        112   initio.o
         2          0          0          0          0          0   libinit.o
        14          0          0          0          0          0   libinit2.o
         2          0          0          0          0          0   libshutdown.o
         6          0          0          0          0          0   libshutdown2.o
         8          4          0          0         96         68   libspace.o
         0          0          0          0          0          0   maybetermalloc1.o
        24          4          0          0          0         84   noretval__2printf.o
         8          4          0          0          0         68   rt_errno_addr_intlibspace.o
         8          4          0          0          0         68   rt_heap_descriptor_intlibspace.o
        78          0          0          0          0         80   rt_memclr_w.o
         2          0          0          0          0          0   rtexit.o
        10          0          0          0          0          0   rtexit2.o
        70          0          0          0          0         80   setvbuf.o
       240          6          0          0          0        156   stdio.o
         0          0          0         12        252          0   stdio_streams.o
        62          0          0          0          0         76   strlen.o
        12          4          0          0          0         68   sys_exit.o
       102          0         12          0          0        240   sys_io.o
        74          0          0          0          0         80   sys_stackheap_outer.o
        14          0          0          0          0         76   sys_wrch.o
         2          0          0          0          0         68   use_no_semi.o

    ----------------------------------------------------------------------
      2776        196         14         12        352       3600   Library Totals
        12          0          2          0          4          0   (incl. Padding)

    ----------------------------------------------------------------------

      Code (inc. data)   RO Data    RW Data    ZI Data      Debug   Library Name

      2764        196         12         12        348       3600   c_w.l

    ----------------------------------------------------------------------
      2776        196         14         12        352       3600   Library Totals

    ----------------------------------------------------------------------

==============================================================================


      Code (inc. data)   RO Data    RW Data    ZI Data      Debug   

     12400        880       2408         60       2228     522396   Grand Totals
     12400        880       2408         60       2228     522396   ELF Image Totals
     12400        880       2408         60          0          0   ROM Totals

==============================================================================

    Total RO  Size (Code + RO Data)                14808 (  14.46kB)
    Total RW  Size (RW Data + ZI Data)              2288 (   2.23kB)
    Total ROM Size (Code + RO Data + RW Data)      14868 (  14.52kB)

==============================================================================

